103.75.13.242 - - [14/Feb/2026:13:41:38 +0000] "POST /api HTTP/2.0" 404 555 "-" "Mozilla/5.0 (Windows NT 10.0; Win64; x64) AppleWebKit/537.36 (KHTML, like Gecko) Chrome/141.0.0.0 Safari/537.36"
114.119.128.23 - - [14/Feb/2026:13:41:43 +0000] "GET /post_search/0 HTTP/1.1" 200 7140 "https://julienlargetpiet.tech/all_posts/A_Structured,_Visual_Algorithm_for_Determinants_up_to_5%C3%975%2B15" "Mozilla/5.0 (Linux; Android 7.0;) AppleWebKit/537.36 (KHTML, like Gecko) Mobile Safari/537.36 (compatible; PetalBot;+https://webmaster.petalsearch.com/site/petalbot)"
15.235.27.169 - - [14/Feb/2026:13:42:20 +0000] "GET /all_posts/Custom_Encoding_For_Integers+100 HTTP/2.0" 200 7127 "-" "Mozilla/5.0 (compatible; AhrefsBot/7.0; +http://ahrefs.com/robot/)"
114.119.138.235 - - [14/Feb/2026:13:43:05 +0000] "GET /all_posts/Implement_Core_Operations%2B12 HTTP/1.1" 200 7140 "https://julienlargetpiet.tech/all_posts/Implement_Core_Operations%2B11" "Mozilla/5.0 (Linux; Android 7.0;) AppleWebKit/537.36 (KHTML, like Gecko) Mobile Safari/537.36 (compatible; PetalBot;+https://webmaster.petalsearch.com/site/petalbot)"
114.119.148.160 - - [14/Feb/2026:13:44:30 +0000] "GET /all_posts/Exploring_the_Power_of_Metaprogramming_in_Rust%2B28 HTTP/1.1" 200 7140 "https://julienlargetpiet.tech/all_posts/Exploring_the_Power_of_Metaprogramming_in_Rust%2B29" "Mozilla/5.0 (Linux; Android 7.0;) AppleWebKit/537.36 (KHTML, like Gecko) Mobile Safari/537.36 (compatible; PetalBot;+https://webmaster.petalsearch.com/site/petalbot)"
148.113.128.78 - - [14/Feb/2026:13:44:41 +0000] "GET /all_posts/A_New_Way_to_Explore_Your_System_on_Linux+55 HTTP/2.0" 200 7127 "-" "Mozilla/5.0 (compatible; AhrefsBot/7.0; +http://ahrefs.com/robot/)"
114.119.128.23 - - [14/Feb/2026:13:45:59 +0000] "GET /all_posts/Implement_Core_Operations%2B42 HTTP/1.1" 200 7140 "https://julienlargetpiet.tech/all_posts/Implement_Core_Operations%2B43" "Mozilla/5.0 (Linux; Android 7.0;) AppleWebKit/537.36 (KHTML, like Gecko) Mobile Safari/537.36 (compatible; PetalBot;+https://webmaster.petalsearch.com/site/petalbot)"
51.222.95.33 - - [14/Feb/2026:13:46:53 +0000] "GET /all_posts/Turning_Blog_HTML_into_RSS,_the_Low-Level_Way_(in_C++)+103 HTTP/2.0" 200 7127 "-" "Mozilla/5.0 (compatible; AhrefsBot/7.0; +http://ahrefs.com/robot/)"
114.119.148.160 - - [14/Feb/2026:13:47:16 +0000] "GET /all_posts/Checking_Graph_Bipartiteness_in_Haskell%2B30 HTTP/1.1" 200 7140 "https://julienlargetpiet.tech/all_posts/Checking_Graph_Bipartiteness_in_Haskell%2B29" "Mozilla/5.0 (Linux; Android 7.0;) AppleWebKit/537.36 (KHTML, like Gecko) Mobile Safari/537.36 (compatible; PetalBot;+https://webmaster.petalsearch.com/site/petalbot)"
114.119.148.160 - - [14/Feb/2026:13:48:39 +0000] "GET /all_posts/Reimplementing_diff_in_C%2B%2B:_A_Minimalist_Approach%2B50 HTTP/1.1" 200 7140 "https://julienlargetpiet.tech/all_posts/Reimplementing_diff_in_C%2B%2B:_A_Minimalist_Approach%2B49" "Mozilla/5.0 (Linux; Android 7.0;) AppleWebKit/537.36 (KHTML, like Gecko) Mobile Safari/537.36 (compatible; PetalBot;+https://webmaster.petalsearch.com/site/petalbot)"
142.44.225.90 - - [14/Feb/2026:13:49:13 +0000] "GET /all_posts/Building_an_HTTP_Server_in_Rust_Without_a_Framework+56 HTTP/2.0" 200 7127 "-" "Mozilla/5.0 (compatible; AhrefsBot/7.0; +http://ahrefs.com/robot/)"
114.119.148.160 - - [14/Feb/2026:13:50:03 +0000] "GET /all_posts/How_Haskell_(and_the_Functional_Mindset)_Rewired_the_Way_I_Think_About_Code%2B20 HTTP/1.1" 200 7140 "https://julienlargetpiet.tech/all_posts/How_Haskell_(and_the_Functional_Mindset)_Rewired_the_Way_I_Think_About_Code%2B19" "Mozilla/5.0 (Linux; Android 7.0;) AppleWebKit/537.36 (KHTML, like Gecko) Mobile Safari/537.36 (compatible; PetalBot;+https://webmaster.petalsearch.com/site/petalbot)"
114.119.128.23 - - [14/Feb/2026:13:51:32 +0000] "GET /all_posts/Brute-forcing_Pythagorean_Triples_with_Haskell_List_Comprehensions_(up_to_100)%2B33 HTTP/1.1" 200 7140 "https://julienlargetpiet.tech/all_posts/Brute-forcing_Pythagorean_Triples_with_Haskell_List_Comprehensions_(up_to_100)%2B32" "Mozilla/5.0 (Linux; Android 7.0;) AppleWebKit/537.36 (KHTML, like Gecko) Mobile Safari/537.36 (compatible; PetalBot;+https://webmaster.petalsearch.com/site/petalbot)"
15.235.27.63 - - [14/Feb/2026:13:51:36 +0000] "GET /all_posts/Cheating_a_Bit:_Approximating_atan,_arccos,_and_arcsin_in_the_Cherubin_Library+56 HTTP/2.0" 200 7127 "-" "Mozilla/5.0 (compatible; AhrefsBot/7.0; +http://ahrefs.com/robot/)"
114.119.155.205 - - [14/Feb/2026:13:52:52 +0000] "GET /news_search/1 HTTP/1.1" 200 7140 "https://julienlargetpiet.tech/news_search/0" "Mozilla/5.0 (Linux; Android 7.0;) AppleWebKit/537.36 (KHTML, like Gecko) Mobile Safari/537.36 (compatible; PetalBot;+https://webmaster.petalsearch.com/site/petalbot)"
15.235.27.246 - - [14/Feb/2026:13:53:53 +0000] "GET /all_posts/%F0%9F%A7%A9_Understanding_the_Architecture_of_My_Shiny_Log_Analyzer_App+56 HTTP/2.0" 200 7127 "-" "Mozilla/5.0 (compatible; AhrefsBot/7.0; +http://ahrefs.com/robot/)"
114.119.134.146 - - [14/Feb/2026:13:54:21 +0000] "GET /all_posts/Building_InFoEnd:_An_End-to-End_Encrypted_Chatroom_in_Go%2B37 HTTP/1.1" 200 7140 "https://julienlargetpiet.tech/all_posts/Building_InFoEnd:_An_End-to-End_Encrypted_Chatroom_in_Go%2B36" "Mozilla/5.0 (Linux; Android 7.0;) AppleWebKit/537.36 (KHTML, like Gecko) Mobile Safari/537.36 (compatible; PetalBot;+https://webmaster.petalsearch.com/site/petalbot)"
47.82.11.129 - - [14/Feb/2026:13:54:58 +0000] "GET /articles/119.html HTTP/1.1" 200 5741 "https://www.julienlargetpiet.tech/" "Mozilla/5.0 (X11; Ubuntu; Linux x86_64; rv:136.0) Gecko/20100101 Firefox/136.0"
114.119.134.146 - - [14/Feb/2026:13:55:37 +0000] "GET /all_posts/%F0%9F%A7%A0_From_Source_to_Shiny:_Running_Modern_R_on_Debian_with_NGINX_and_HTTPS%2B26 HTTP/1.1" 200 7140 "https://julienlargetpiet.tech/all_posts/%F0%9F%A7%A0_From_Source_to_Shiny:_Running_Modern_R_on_Debian_with_NGINX_and_HTTPS%2B27" "Mozilla/5.0 (Linux; Android 7.0;) AppleWebKit/537.36 (KHTML, like Gecko) Mobile Safari/537.36 (compatible; PetalBot;+https://webmaster.petalsearch.com/site/petalbot)"
142.44.228.163 - - [14/Feb/2026:13:56:09 +0000] "GET /all_posts/%F0%9F%93%8A_Building_a_Flexible_Access_Log_Analyzer_in_R+56 HTTP/2.0" 200 7127 "-" "Mozilla/5.0 (compatible; AhrefsBot/7.0; +http://ahrefs.com/robot/)"
114.119.134.146 - - [14/Feb/2026:13:57:01 +0000] "GET /all_posts/%F0%9F%A7%A0_From_Source_to_Shiny:_Running_Modern_R_on_Debian_with_NGINX_and_HTTPS%2B2 HTTP/1.1" 200 7140 "https://julienlargetpiet.tech/all_posts/%F0%9F%A7%A0_From_Source_to_Shiny:_Running_Modern_R_on_Debian_with_NGINX_and_HTTPS%2B1" "Mozilla/5.0 (Linux; Android 7.0;) AppleWebKit/537.36 (KHTML, like Gecko) Mobile Safari/537.36 (compatible; PetalBot;+https://webmaster.petalsearch.com/site/petalbot)"
114.119.150.190 - - [14/Feb/2026:13:58:25 +0000] "GET /all_posts/%F0%9F%93%8A_Building_a_Flexible_Access_Log_Analyzer_in_R%2B13 HTTP/1.1" 200 7140 "https://julienlargetpiet.tech/all_posts/%F0%9F%93%8A_Building_a_Flexible_Access_Log_Analyzer_in_R%2B12" "Mozilla/5.0 (Linux; Android 7.0;) AppleWebKit/537.36 (KHTML, like Gecko) Mobile Safari/537.36 (compatible; PetalBot;+https://webmaster.petalsearch.com/site/petalbot)"
51.161.37.243 - - [14/Feb/2026:13:58:34 +0000] "GET /all_posts/Unsolved_problem_!!!+62 HTTP/2.0" 200 7127 "-" "Mozilla/5.0 (compatible; AhrefsBot/7.0; +http://ahrefs.com/robot/)"
114.119.150.190 - - [14/Feb/2026:13:59:48 +0000] "GET /all_posts/Turning_Blog_HTML_into_RSS,_the_Low-Level_Way_(in_C%2B%2B)%2B18 HTTP/1.1" 200 7140 "https://julienlargetpiet.tech/all_posts/Turning_Blog_HTML_into_RSS,_the_Low-Level_Way_(in_C%2B%2B)%2B19" "Mozilla/5.0 (Linux; Android 7.0;) AppleWebKit/537.36 (KHTML, like Gecko) Mobile Safari/537.36 (compatible; PetalBot;+https://webmaster.petalsearch.com/site/petalbot)"
51.222.168.244 - - [14/Feb/2026:14:00:53 +0000] "GET /all_posts/Finding_the_Optimal_Path_in_Haskell:_A_Recursive_Exploration+56 HTTP/2.0" 200 7127 "-" "Mozilla/5.0 (compatible; AhrefsBot/7.0; +http://ahrefs.com/robot/)"
148.113.128.77 - - [14/Feb/2026:14:03:04 +0000] "GET /all_posts/Turning_Blog_HTML_into_RSS,_the_Low-Level_Way_(in_C++)+56 HTTP/2.0" 200 7127 "-" "Mozilla/5.0 (compatible; AhrefsBot/7.0; +http://ahrefs.com/robot/)"
15.235.27.43 - - [14/Feb/2026:14:05:17 +0000] "GET /all_posts/Reimplementing_the_Cauchy_Distribution_in_Fulgurance_(C++_Statistics_Library)+56 HTTP/2.0" 200 7127 "-" "Mozilla/5.0 (compatible; AhrefsBot/7.0; +http://ahrefs.com/robot/)"
51.161.37.127 - - [14/Feb/2026:14:07:41 +0000] "GET /all_posts/How_Do_They_Display_Trees_%E2%80%94_Three_Layout_Algorithms_in_Haskell+56 HTTP/2.0" 200 7127 "-" "Mozilla/5.0 (compatible; AhrefsBot/7.0; +http://ahrefs.com/robot/)"
142.44.228.118 - - [14/Feb/2026:14:09:54 +0000] "GET /all_posts/A_Structured,_Visual_Algorithm_for_Determinants_up_to_5%C3%975+57 HTTP/2.0" 200 7127 "-" "Mozilla/5.0 (compatible; AhrefsBot/7.0; +http://ahrefs.com/robot/)"
51.222.168.223 - - [14/Feb/2026:14:12:05 +0000] "GET /all_posts/Building_InFoEnd:_An_End-to-End_Encrypted_Chatroom_in_Go+57 HTTP/2.0" 200 7127 "-" "Mozilla/5.0 (compatible; AhrefsBot/7.0; +http://ahrefs.com/robot/)"
54.39.210.158 - - [14/Feb/2026:14:14:28 +0000] "GET /all_posts/Introduction_to_Graph_Theory_in_Haskell+57 HTTP/2.0" 200 7127 "-" "Mozilla/5.0 (compatible; AhrefsBot/7.0; +http://ahrefs.com/robot/)"
51.222.95.51 - - [14/Feb/2026:14:16:43 +0000] "GET /all_posts/Emulating_Binary-Level_Operations_and_Number_Representations+56 HTTP/2.0" 200 7127 "-" "Mozilla/5.0 (compatible; AhrefsBot/7.0; +http://ahrefs.com/robot/)"
114.119.135.232 - - [14/Feb/2026:14:17:22 +0000] "GET /all_posts/Understanding_the_Haskell_Type_System:_From_Typeclasses_to_Data_Structures%2B17 HTTP/1.1" 200 7140 "https://julienlargetpiet.tech/all_posts/Understanding_the_Haskell_Type_System:_From_Typeclasses_to_Data_Structures%2B16" "Mozilla/5.0 (Linux; Android 7.0;) AppleWebKit/537.36 (KHTML, like Gecko) Mobile Safari/537.36 (compatible; PetalBot;+https://webmaster.petalsearch.com/site/petalbot)"
2a06:98c0:3600::103 - - [14/Feb/2026:14:18:34 +0000] "GET /wordpress/wp-admin/setup-config.php HTTP/2.0" 404 153 "-" "https://visondf.dev/wordpress/wp-admin/setup-config.php"
114.119.148.160 - - [14/Feb/2026:14:18:46 +0000] "GET /all_posts/Understanding_Parenthesis_Tokenization_in_Haskell%2B23 HTTP/1.1" 200 7140 "https://julienlargetpiet.tech/all_posts/Understanding_Parenthesis_Tokenization_in_Haskell%2B24" "Mozilla/5.0 (Linux; Android 7.0;) AppleWebKit/537.36 (KHTML, like Gecko) Mobile Safari/537.36 (compatible; PetalBot;+https://webmaster.petalsearch.com/site/petalbot)"
148.113.128.15 - - [14/Feb/2026:14:18:55 +0000] "GET /all_posts/Graph_Isomorphism_in_Haskell_(Problem_85)+56 HTTP/2.0" 200 7127 "-" "Mozilla/5.0 (compatible; AhrefsBot/7.0; +http://ahrefs.com/robot/)"
114.119.135.232 - - [14/Feb/2026:14:20:10 +0000] "GET /all_posts/The_Goldbach_Conjecture_and_Its_Recursive_Implementation_in_Haskell%2B5 HTTP/1.1" 200 7140 "https://julienlargetpiet.tech/all_posts/The_Goldbach_Conjecture_and_Its_Recursive_Implementation_in_Haskell%2B6" "Mozilla/5.0 (Linux; Android 7.0;) AppleWebKit/537.36 (KHTML, like Gecko) Mobile Safari/537.36 (compatible; PetalBot;+https://webmaster.petalsearch.com/site/petalbot)"
51.161.65.234 - - [14/Feb/2026:14:21:27 +0000] "GET /all_posts/Validating_JSON_Syntax:_A_Conceptual_Approach+56 HTTP/2.0" 200 7127 "-" "Mozilla/5.0 (compatible; AhrefsBot/7.0; +http://ahrefs.com/robot/)"
114.119.135.232 - - [14/Feb/2026:14:21:33 +0000] "GET /all_posts/The_Goldbach_Conjecture_and_Its_Recursive_Implementation_in_Haskell%2B22 HTTP/1.1" 200 7140 "https://julienlargetpiet.tech/all_posts/The_Goldbach_Conjecture_and_Its_Recursive_Implementation_in_Haskell%2B23" "Mozilla/5.0 (Linux; Android 7.0;) AppleWebKit/537.36 (KHTML, like Gecko) Mobile Safari/537.36 (compatible; PetalBot;+https://webmaster.petalsearch.com/site/petalbot)"
114.119.128.23 - - [14/Feb/2026:14:22:56 +0000] "GET /all_posts/Validating_JSON_Syntax:_A_Conceptual_Approach%2B24 HTTP/1.1" 200 7140 "https://julienlargetpiet.tech/all_posts/Validating_JSON_Syntax:_A_Conceptual_Approach%2B23" "Mozilla/5.0 (Linux; Android 7.0;) AppleWebKit/537.36 (KHTML, like Gecko) Mobile Safari/537.36 (compatible; PetalBot;+https://webmaster.petalsearch.com/site/petalbot)"
204.76.203.206 - - [14/Feb/2026:14:23:39 +0000] "GET / HTTP/1.1" 301 169 "-" "Wget"
51.161.65.88 - - [14/Feb/2026:14:23:42 +0000] "GET /all_posts/Building_a_New_Determinant_Engine_%E2%80%94_An_Iterative_Combinatorial_Approach+56 HTTP/2.0" 200 7127 "-" "Mozilla/5.0 (compatible; AhrefsBot/7.0; +http://ahrefs.com/robot/)"
114.119.155.205 - - [14/Feb/2026:14:24:21 +0000] "GET /all_posts/Implementing_DataFrames_in_C%2B%2B:_A_Custom_Approach_for_High-Performance_Data_Manipulation%2B7 HTTP/1.1" 200 7140 "https://julienlargetpiet.tech/all_posts/Implementing_DataFrames_in_C%2B%2B:_A_Custom_Approach_for_High-Performance_Data_Manipulation%2B8" "Mozilla/5.0 (Linux; Android 7.0;) AppleWebKit/537.36 (KHTML, like Gecko) Mobile Safari/537.36 (compatible; PetalBot;+https://webmaster.petalsearch.com/site/petalbot)"
47.82.11.173 - - [14/Feb/2026:14:25:05 +0000] "GET /articles/114.html HTTP/1.1" 200 7242 "https://www.julienlargetpiet.tech/" "Mozilla/5.0 (Windows NT 10.0; Win64; x64) AppleWebKit/537.36 (KHTML, like Gecko) Chrome/135.0.0.0 Safari/537.36"
114.119.136.109 - - [14/Feb/2026:14:25:52 +0000] "GET /all_posts/How_Do_They_Display_Trees_%E2%80%94_Three_Layout_Algorithms_in_Haskell%2B37 HTTP/1.1" 200 7140 "https://julienlargetpiet.tech/all_posts/How_Do_They_Display_Trees_%E2%80%94_Three_Layout_Algorithms_in_Haskell%2B38" "Mozilla/5.0 (Linux; Android 7.0;) AppleWebKit/537.36 (KHTML, like Gecko) Mobile Safari/537.36 (compatible; PetalBot;+https://webmaster.petalsearch.com/site/petalbot)"
54.39.136.121 - - [14/Feb/2026:14:25:53 +0000] "GET /all_posts/Turning_Blog_HTML_into_RSS,_the_Low-Level_Way_(in_C++)+15 HTTP/2.0" 200 7127 "-" "Mozilla/5.0 (compatible; AhrefsBot/7.0; +http://ahrefs.com/robot/)"
114.119.148.160 - - [14/Feb/2026:14:27:07 +0000] "GET /all_posts/Cheating_a_Bit:_Approximating_atan,_arccos,_and_arcsin_in_the_Cherubin_Library%2B35 HTTP/1.1" 200 7140 "https://julienlargetpiet.tech/all_posts/Cheating_a_Bit:_Approximating_atan,_arccos,_and_arcsin_in_the_Cherubin_Library%2B36" "Mozilla/5.0 (Linux; Android 7.0;) AppleWebKit/537.36 (KHTML, like Gecko) Mobile Safari/537.36 (compatible; PetalBot;+https://webmaster.petalsearch.com/site/petalbot)"
51.222.95.40 - - [14/Feb/2026:14:28:05 +0000] "GET /all_posts/An_Original_Transformation_Engine+12 HTTP/2.0" 200 7127 "-" "Mozilla/5.0 (compatible; AhrefsBot/7.0; +http://ahrefs.com/robot/)"
114.119.135.232 - - [14/Feb/2026:14:28:33 +0000] "GET /all_posts/Building_an_HTTP_Server_in_Rust_Without_a_Framework%2B11 HTTP/1.1" 200 7140 "https://julienlargetpiet.tech/all_posts/Building_an_HTTP_Server_in_Rust_Without_a_Framework%2B10" "Mozilla/5.0 (Linux; Android 7.0;) AppleWebKit/537.36 (KHTML, like Gecko) Mobile Safari/537.36 (compatible; PetalBot;+https://webmaster.petalsearch.com/site/petalbot)"
34.72.176.129 - - [14/Feb/2026:14:29:27 +0000] "GET /docs HTTP/2.0" 301 169 "https://visondf.dev/" "Mozilla/5.0 (X11; Linux x86_64) AppleWebKit/537.36 (KHTML, like Gecko) Chrome/125.0.0.0 Safari/537.36"
34.72.176.129 - - [14/Feb/2026:14:29:27 +0000] "GET /get_started HTTP/2.0" 301 169 "https://visondf.dev/" "Mozilla/5.0 (X11; Linux x86_64) AppleWebKit/537.36 (KHTML, like Gecko) Chrome/125.0.0.0 Safari/537.36"
34.72.176.129 - - [14/Feb/2026:14:29:27 +0000] "GET /benchmark HTTP/2.0" 301 169 "https://visondf.dev/" "Mozilla/5.0 (X11; Linux x86_64) AppleWebKit/537.36 (KHTML, like Gecko) Chrome/125.0.0.0 Safari/537.36"
34.72.176.129 - - [14/Feb/2026:14:29:27 +0000] "GET /pipeline/show_pipeline HTTP/2.0" 301 169 "https://visondf.dev/" "Mozilla/5.0 (X11; Linux x86_64) AppleWebKit/537.36 (KHTML, like Gecko) Chrome/125.0.0.0 Safari/537.36"
34.72.176.129 - - [14/Feb/2026:14:29:27 +0000] "GET /pipeline/show_pipeline/ HTTP/2.0" 200 1332 "https://visondf.dev/" "Mozilla/5.0 (X11; Linux x86_64) AppleWebKit/537.36 (KHTML, like Gecko) Chrome/125.0.0.0 Safari/537.36"
34.72.176.129 - - [14/Feb/2026:14:29:27 +0000] "GET /docs/ HTTP/2.0" 200 5704 "https://visondf.dev/" "Mozilla/5.0 (X11; Linux x86_64) AppleWebKit/537.36 (KHTML, like Gecko) Chrome/125.0.0.0 Safari/537.36"
34.72.176.129 - - [14/Feb/2026:14:29:27 +0000] "GET /get_started/ HTTP/2.0" 200 3489 "https://visondf.dev/" "Mozilla/5.0 (X11; Linux x86_64) AppleWebKit/537.36 (KHTML, like Gecko) Chrome/125.0.0.0 Safari/537.36"
34.72.176.129 - - [14/Feb/2026:14:29:27 +0000] "GET /benchmark/ HTTP/2.0" 200 3599 "https://visondf.dev/" "Mozilla/5.0 (X11; Linux x86_64) AppleWebKit/537.36 (KHTML, like Gecko) Chrome/125.0.0.0 Safari/537.36"
34.72.176.129 - - [14/Feb/2026:14:29:27 +0000] "GET /dev/show_dev HTTP/2.0" 301 169 "https://visondf.dev/" "Mozilla/5.0 (X11; Linux x86_64) AppleWebKit/537.36 (KHTML, like Gecko) Chrome/125.0.0.0 Safari/537.36"
34.72.176.129 - - [14/Feb/2026:14:29:27 +0000] "GET /dev/show_dev/ HTTP/2.0" 200 3957 "https://visondf.dev/" "Mozilla/5.0 (X11; Linux x86_64) AppleWebKit/537.36 (KHTML, like Gecko) Chrome/125.0.0.0 Safari/537.36"
114.119.135.232 - - [14/Feb/2026:14:29:55 +0000] "GET /all_posts/Building_a_Recursive_Parenthesis-Based_Calculator_in_Haskell%2B32 HTTP/1.1" 200 7140 "https://julienlargetpiet.tech/all_posts/Building_a_Recursive_Parenthesis-Based_Calculator_in_Haskell%2B33" "Mozilla/5.0 (Linux; Android 7.0;) AppleWebKit/537.36 (KHTML, like Gecko) Mobile Safari/537.36 (compatible; PetalBot;+https://webmaster.petalsearch.com/site/petalbot)"
15.235.27.85 - - [14/Feb/2026:14:30:18 +0000] "GET /all_posts/How_Do_They_Display_Trees_%E2%80%94_Three_Layout_Algorithms_in_Haskell+15 HTTP/2.0" 200 7127 "-" "Mozilla/5.0 (compatible; AhrefsBot/7.0; +http://ahrefs.com/robot/)"
114.119.135.232 - - [14/Feb/2026:14:31:22 +0000] "GET /all_posts/An_Original_Transformation_Engine%2B26 HTTP/1.1" 200 7140 "https://julienlargetpiet.tech/all_posts/An_Original_Transformation_Engine%2B25" "Mozilla/5.0 (Linux; Android 7.0;) AppleWebKit/537.36 (KHTML, like Gecko) Mobile Safari/537.36 (compatible; PetalBot;+https://webmaster.petalsearch.com/site/petalbot)"
51.222.95.136 - - [14/Feb/2026:14:32:27 +0000] "GET /all_posts/Finding_the_Optimal_Path_in_Haskell:_A_Recursive_Exploration+15 HTTP/2.0" 200 7127 "-" "Mozilla/5.0 (compatible; AhrefsBot/7.0; +http://ahrefs.com/robot/)"
114.119.128.23 - - [14/Feb/2026:14:32:46 +0000] "GET /all_posts/Learning_Haskell_with_Weird_Goals%2B16 HTTP/1.1" 200 7140 "https://julienlargetpiet.tech/all_posts/Learning_Haskell_with_Weird_Goals%2B17" "Mozilla/5.0 (Linux; Android 7.0;) AppleWebKit/537.36 (KHTML, like Gecko) Mobile Safari/537.36 (compatible; PetalBot;+https://webmaster.petalsearch.com/site/petalbot)"
114.119.134.146 - - [14/Feb/2026:14:34:06 +0000] "GET /all_posts/Editing_My_YouTube_Videos_the_Weird_Way:_With_Nothing_but_ffmpeg%2B26 HTTP/1.1" 200 7140 "https://julienlargetpiet.tech/all_posts/Editing_My_YouTube_Videos_the_Weird_Way:_With_Nothing_but_ffmpeg%2B27" "Mozilla/5.0 (Linux; Android 7.0;) AppleWebKit/537.36 (KHTML, like Gecko) Mobile Safari/537.36 (compatible; PetalBot;+https://webmaster.petalsearch.com/site/petalbot)"
51.161.65.239 - - [14/Feb/2026:14:34:21 +0000] "GET /all_posts/Unsolved_problem_!!!+63 HTTP/2.0" 200 7127 "-" "Mozilla/5.0 (compatible; AhrefsBot/7.0; +http://ahrefs.com/robot/)"
114.119.148.160 - - [14/Feb/2026:14:35:29 +0000] "GET /all_posts/Finding_the_Optimal_Path_in_Haskell:_A_Recursive_Exploration%2B11 HTTP/1.1" 200 7140 "https://julienlargetpiet.tech/all_posts/Finding_the_Optimal_Path_in_Haskell:_A_Recursive_Exploration%2B10" "Mozilla/5.0 (Linux; Android 7.0;) AppleWebKit/537.36 (KHTML, like Gecko) Mobile Safari/537.36 (compatible; PetalBot;+https://webmaster.petalsearch.com/site/petalbot)"
54.39.0.114 - - [14/Feb/2026:14:36:23 +0000] "GET /all_posts/Authentication_Without_Cookies+13 HTTP/2.0" 200 7127 "-" "Mozilla/5.0 (compatible; AhrefsBot/7.0; +http://ahrefs.com/robot/)"
114.119.148.160 - - [14/Feb/2026:14:36:56 +0000] "GET /all_posts/%F0%9F%A7%A9_Understanding_the_Architecture_of_My_Shiny_Log_Analyzer_App%2B23 HTTP/1.1" 200 7140 "https://julienlargetpiet.tech/all_posts/%F0%9F%A7%A9_Understanding_the_Architecture_of_My_Shiny_Log_Analyzer_App%2B22" "Mozilla/5.0 (Linux; Android 7.0;) AppleWebKit/537.36 (KHTML, like Gecko) Mobile Safari/537.36 (compatible; PetalBot;+https://webmaster.petalsearch.com/site/petalbot)"
114.119.136.109 - - [14/Feb/2026:14:38:18 +0000] "GET /all_posts/%F0%9F%A7%A0_From_Source_to_Shiny:_Running_Modern_R_on_Debian_with_NGINX_and_HTTPS%2B27 HTTP/1.1" 200 7140 "https://julienlargetpiet.tech/all_posts/%F0%9F%A7%A0_From_Source_to_Shiny:_Running_Modern_R_on_Debian_with_NGINX_and_HTTPS%2B28" "Mozilla/5.0 (Linux; Android 7.0;) AppleWebKit/537.36 (KHTML, like Gecko) Mobile Safari/537.36 (compatible; PetalBot;+https://webmaster.petalsearch.com/site/petalbot)"
15.235.96.14 - - [14/Feb/2026:14:38:39 +0000] "GET /all_posts/The_Goldbach_Conjecture_and_Its_Recursive_Implementation_in_Haskell+5 HTTP/2.0" 200 7127 "-" "Mozilla/5.0 (compatible; AhrefsBot/7.0; +http://ahrefs.com/robot/)"
138.197.11.66 - - [14/Feb/2026:14:38:41 +0000] "GET / HTTP/1.1" 301 169 "-" "Mozilla/5.0 (X11; Linux x86_64) AppleWebKit/537.36 (KHTML, like Gecko) Chrome/142.0.0.0 Safari/537.36"
138.197.11.66 - - [14/Feb/2026:14:38:41 +0000] "GET /favicon.ico HTTP/1.1" 301 169 "http://julienlargetpiet.tech/" "Mozilla/5.0 (X11; Linux x86_64) AppleWebKit/537.36 (KHTML, like Gecko) Chrome/142.0.0.0 Safari/537.36"
138.197.11.66 - - [14/Feb/2026:14:38:41 +0000] "GET / HTTP/1.1" 200 7140 "-" "Mozilla/5.0 (X11; Linux x86_64) AppleWebKit/537.36 (KHTML, like Gecko) Chrome/142.0.0.0 Safari/537.36"
138.197.11.66 - - [14/Feb/2026:14:38:43 +0000] "GET /assets/favicon.ico HTTP/1.1" 200 1150 "https://julienlargetpiet.tech/" "Mozilla/5.0 (X11; Linux x86_64) AppleWebKit/537.36 (KHTML, like Gecko) Chrome/142.0.0.0 Safari/537.36"
114.119.128.23 - - [14/Feb/2026:14:39:40 +0000] "GET /all_posts/Implementing_Huffman_Encoding_in_Haskell%2B31 HTTP/1.1" 200 7140 "https://julienlargetpiet.tech/all_posts/Implementing_Huffman_Encoding_in_Haskell%2B30" "Mozilla/5.0 (Linux; Android 7.0;) AppleWebKit/537.36 (KHTML, like Gecko) Mobile Safari/537.36 (compatible; PetalBot;+https://webmaster.petalsearch.com/site/petalbot)"
15.235.98.177 - - [14/Feb/2026:14:40:50 +0000] "GET /all_posts/Constructing_All_Spanning_Trees_in_Haskell_(Problem_83)+15 HTTP/2.0" 200 7127 "-" "Mozilla/5.0 (compatible; AhrefsBot/7.0; +http://ahrefs.com/robot/)"
114.119.135.232 - - [14/Feb/2026:14:41:04 +0000] "GET /all_posts/Solving_the_Eight_Queens_Problem_in_Haskell%2B22 HTTP/1.1" 200 7140 "https://julienlargetpiet.tech/all_posts/Solving_the_Eight_Queens_Problem_in_Haskell%2B21" "Mozilla/5.0 (Linux; Android 7.0;) AppleWebKit/537.36 (KHTML, like Gecko) Mobile Safari/537.36 (compatible; PetalBot;+https://webmaster.petalsearch.com/site/petalbot)"
114.119.138.235 - - [14/Feb/2026:14:42:27 +0000] "GET /all_posts/%F0%9F%A7%A0_From_Source_to_Shiny:_Running_Modern_R_on_Debian_with_NGINX_and_HTTPS%2B18 HTTP/1.1" 200 7140 "https://julienlargetpiet.tech/all_posts/%F0%9F%A7%A0_From_Source_to_Shiny:_Running_Modern_R_on_Debian_with_NGINX_and_HTTPS%2B17" "Mozilla/5.0 (Linux; Android 7.0;) AppleWebKit/537.36 (KHTML, like Gecko) Mobile Safari/537.36 (compatible; PetalBot;+https://webmaster.petalsearch.com/site/petalbot)"
54.39.6.160 - - [14/Feb/2026:14:43:00 +0000] "GET /all_posts/A_ReGex_Dialect+13 HTTP/2.0" 200 7127 "-" "Mozilla/5.0 (compatible; AhrefsBot/7.0; +http://ahrefs.com/robot/)"
114.119.134.146 - - [14/Feb/2026:14:43:50 +0000] "GET /all_posts/%F0%9F%93%8A_Building_a_Flexible_Access_Log_Analyzer_in_R%2B23 HTTP/1.1" 200 7140 "https://julienlargetpiet.tech/all_posts/%F0%9F%93%8A_Building_a_Flexible_Access_Log_Analyzer_in_R%2B24" "Mozilla/5.0 (Linux; Android 7.0;) AppleWebKit/537.36 (KHTML, like Gecko) Mobile Safari/537.36 (compatible; PetalBot;+https://webmaster.petalsearch.com/site/petalbot)"
142.44.233.16 - - [14/Feb/2026:14:45:11 +0000] "GET /all_posts/Building_a_Recursive_Parenthesis-Based_Calculator_in_Haskell+44 HTTP/2.0" 200 7127 "-" "Mozilla/5.0 (compatible; AhrefsBot/7.0; +http://ahrefs.com/robot/)"
54.39.210.208 - - [14/Feb/2026:14:47:22 +0000] "GET /all_posts/Implementing_Huffman_Encoding_in_Haskell+7 HTTP/2.0" 200 7127 "-" "Mozilla/5.0 (compatible; AhrefsBot/7.0; +http://ahrefs.com/robot/)"
66.249.68.136 - - [14/Feb/2026:14:48:38 +0000] "GET /all_news/A_simple_compression_algorithm HTTP/1.1" 200 7140 "-" "Mozilla/5.0 (Linux; Android 6.0.1; Nexus 5X Build/MMB29P) AppleWebKit/537.36 (KHTML, like Gecko) Chrome/144.0.7559.132 Mobile Safari/537.36 (compatible; GoogleOther)"
66.249.68.136 - - [14/Feb/2026:14:48:42 +0000] "GET /assets/prism/components/prism-clike.min.js HTTP/1.1" 200 708 "https://julienlargetpiet.tech/all_news/A_simple_compression_algorithm" "Mozilla/5.0 (Linux; Android 6.0.1; Nexus 5X Build/MMB29P) AppleWebKit/537.36 (KHTML, like Gecko) Chrome/144.0.7559.132 Mobile Safari/537.36 (compatible; Googlebot/2.1; +http://www.google.com/bot.html)"
66.249.68.134 - - [14/Feb/2026:14:48:43 +0000] "GET /assets/prism/components/prism-systemd.min.js HTTP/1.1" 200 858 "https://julienlargetpiet.tech/all_news/A_simple_compression_algorithm" "Mozilla/5.0 (Linux; Android 6.0.1; Nexus 5X Build/MMB29P) AppleWebKit/537.36 (KHTML, like Gecko) Chrome/144.0.7559.132 Mobile Safari/537.36 (compatible; Googlebot/2.1; +http://www.google.com/bot.html)"
66.249.68.134 - - [14/Feb/2026:14:48:43 +0000] "GET /assets/js/agressive_cacher.js HTTP/1.1" 200 818 "https://julienlargetpiet.tech/all_news/A_simple_compression_algorithm" "Mozilla/5.0 (Linux; Android 6.0.1; Nexus 5X Build/MMB29P) AppleWebKit/537.36 (KHTML, like Gecko) Chrome/144.0.7559.132 Mobile Safari/537.36 (compatible; Googlebot/2.1; +http://www.google.com/bot.html)"
66.249.68.134 - - [14/Feb/2026:14:48:43 +0000] "GET /assets/katex/contrib/auto-render.min.js HTTP/1.1" 200 1596 "https://julienlargetpiet.tech/all_news/A_simple_compression_algorithm" "Mozilla/5.0 (Linux; Android 6.0.1; Nexus 5X Build/MMB29P) AppleWebKit/537.36 (KHTML, like Gecko) Chrome/144.0.7559.132 Mobile Safari/537.36 (compatible; Googlebot/2.1; +http://www.google.com/bot.html)"
66.249.68.135 - - [14/Feb/2026:14:48:44 +0000] "GET /assets/prism/components/prism-haskell.min.js HTTP/1.1" 200 2057 "https://julienlargetpiet.tech/all_news/A_simple_compression_algorithm" "Mozilla/5.0 (Linux; Android 6.0.1; Nexus 5X Build/MMB29P) AppleWebKit/537.36 (KHTML, like Gecko) Chrome/144.0.7559.132 Mobile Safari/537.36 (compatible; Googlebot/2.1; +http://www.google.com/bot.html)"
66.249.68.135 - - [14/Feb/2026:14:48:44 +0000] "GET /assets/prism/components/prism-cpp.min.js HTTP/1.1" 200 1238 "https://julienlargetpiet.tech/all_news/A_simple_compression_algorithm" "Mozilla/5.0 (Linux; Android 6.0.1; Nexus 5X Build/MMB29P) AppleWebKit/537.36 (KHTML, like Gecko) Chrome/144.0.7559.132 Mobile Safari/537.36 (compatible; Googlebot/2.1; +http://www.google.com/bot.html)"
66.249.68.135 - - [14/Feb/2026:14:48:45 +0000] "GET /assets/prism/components/prism-c.min.js HTTP/1.1" 200 988 "https://julienlargetpiet.tech/all_news/A_simple_compression_algorithm" "Mozilla/5.0 (Linux; Android 6.0.1; Nexus 5X Build/MMB29P) AppleWebKit/537.36 (KHTML, like Gecko) Chrome/144.0.7559.132 Mobile Safari/537.36 (compatible; Googlebot/2.1; +http://www.google.com/bot.html)"
66.249.68.134 - - [14/Feb/2026:14:48:45 +0000] "GET /assets/js/main.js HTTP/1.1" 200 863 "https://julienlargetpiet.tech/all_news/A_simple_compression_algorithm" "Mozilla/5.0 (Linux; Android 6.0.1; Nexus 5X Build/MMB29P) AppleWebKit/537.36 (KHTML, like Gecko) Chrome/144.0.7559.132 Mobile Safari/537.36 (compatible; Googlebot/2.1; +http://www.google.com/bot.html)"
66.249.68.134 - - [14/Feb/2026:14:48:46 +0000] "GET /assets/katex/katex.min.js HTTP/1.1" 200 85970 "https://julienlargetpiet.tech/all_news/A_simple_compression_algorithm" "Mozilla/5.0 (Linux; Android 6.0.1; Nexus 5X Build/MMB29P) AppleWebKit/537.36 (KHTML, like Gecko) Chrome/144.0.7559.132 Mobile Safari/537.36 (compatible; Googlebot/2.1; +http://www.google.com/bot.html)"
66.249.68.135 - - [14/Feb/2026:14:48:46 +0000] "GET /assets/prism/components/prism-r.min.js HTTP/1.1" 200 678 "https://julienlargetpiet.tech/all_news/A_simple_compression_algorithm" "Mozilla/5.0 (Linux; Android 6.0.1; Nexus 5X Build/MMB29P) AppleWebKit/537.36 (KHTML, like Gecko) Chrome/144.0.7559.132 Mobile Safari/537.36 (compatible; Googlebot/2.1; +http://www.google.com/bot.html)"
66.249.68.134 - - [14/Feb/2026:14:48:47 +0000] "GET /assets/katex/katex.min.css HTTP/1.1" 200 4012 "https://julienlargetpiet.tech/all_news/A_simple_compression_algorithm" "Mozilla/5.0 (Linux; Android 6.0.1; Nexus 5X Build/MMB29P) AppleWebKit/537.36 (KHTML, like Gecko) Chrome/144.0.7559.132 Mobile Safari/537.36 (compatible; Googlebot/2.1; +http://www.google.com/bot.html)"
66.249.68.134 - - [14/Feb/2026:14:48:47 +0000] "GET /assets/prism/components/prism-nginx.min.js HTTP/1.1" 200 507 "https://julienlargetpiet.tech/all_news/A_simple_compression_algorithm" "Mozilla/5.0 (Linux; Android 6.0.1; Nexus 5X Build/MMB29P) AppleWebKit/537.36 (KHTML, like Gecko) Chrome/144.0.7559.132 Mobile Safari/537.36 (compatible; Googlebot/2.1; +http://www.google.com/bot.html)"
66.249.68.134 - - [14/Feb/2026:14:48:48 +0000] "GET /assets/prism/components/prism-bash.min.js HTTP/1.1" 200 4059 "https://julienlargetpiet.tech/all_news/A_simple_compression_algorithm" "Mozilla/5.0 (Linux; Android 6.0.1; Nexus 5X Build/MMB29P) AppleWebKit/537.36 (KHTML, like Gecko) Chrome/144.0.7559.132 Mobile Safari/537.36 (compatible; Googlebot/2.1; +http://www.google.com/bot.html)"
66.249.68.134 - - [14/Feb/2026:14:48:48 +0000] "GET /assets/prism/components/prism-go.min.js HTTP/1.1" 200 701 "https://julienlargetpiet.tech/all_news/A_simple_compression_algorithm" "Mozilla/5.0 (Linux; Android 6.0.1; Nexus 5X Build/MMB29P) AppleWebKit/537.36 (KHTML, like Gecko) Chrome/144.0.7559.132 Mobile Safari/537.36 (compatible; Googlebot/2.1; +http://www.google.com/bot.html)"
66.249.68.134 - - [14/Feb/2026:14:48:49 +0000] "GET /assets/prism/prism.min.js HTTP/1.1" 200 8097 "https://julienlargetpiet.tech/all_news/A_simple_compression_algorithm" "Mozilla/5.0 (Linux; Android 6.0.1; Nexus 5X Build/MMB29P) AppleWebKit/537.36 (KHTML, like Gecko) Chrome/144.0.7559.132 Mobile Safari/537.36 (compatible; Googlebot/2.1; +http://www.google.com/bot.html)"
66.249.68.134 - - [14/Feb/2026:14:48:49 +0000] "GET /assets/css/style.css HTTP/1.1" 200 5125 "https://julienlargetpiet.tech/all_news/A_simple_compression_algorithm" "Mozilla/5.0 (Linux; Android 6.0.1; Nexus 5X Build/MMB29P) AppleWebKit/537.36 (KHTML, like Gecko) Chrome/144.0.7559.132 Mobile Safari/537.36 (compatible; Googlebot/2.1; +http://www.google.com/bot.html)"
66.249.68.134 - - [14/Feb/2026:14:48:50 +0000] "GET /assets/prism/components/prism-rust.min.js HTTP/1.1" 200 1724 "https://julienlargetpiet.tech/all_news/A_simple_compression_algorithm" "Mozilla/5.0 (Linux; Android 6.0.1; Nexus 5X Build/MMB29P) AppleWebKit/537.36 (KHTML, like Gecko) Chrome/144.0.7559.132 Mobile Safari/537.36 (compatible; Googlebot/2.1; +http://www.google.com/bot.html)"
66.249.68.134 - - [14/Feb/2026:14:48:50 +0000] "GET / HTTP/1.1" 200 7140 "https://julienlargetpiet.tech/all_news/A_simple_compression_algorithm" "Mozilla/5.0 (Linux; Android 6.0.1; Nexus 5X Build/MMB29P) AppleWebKit/537.36 (KHTML, like Gecko) Chrome/144.0.7559.132 Mobile Safari/537.36 (compatible; Googlebot/2.1; +http://www.google.com/bot.html)"
66.249.68.134 - - [14/Feb/2026:14:48:51 +0000] "GET /articles/121.html HTTP/1.1" 200 6343 "https://julienlargetpiet.tech/all_news/A_simple_compression_algorithm" "Mozilla/5.0 (Linux; Android 6.0.1; Nexus 5X Build/MMB29P) AppleWebKit/537.36 (KHTML, like Gecko) Chrome/144.0.7559.132 Mobile Safari/537.36 (compatible; Googlebot/2.1; +http://www.google.com/bot.html)"
66.249.68.134 - - [14/Feb/2026:14:48:51 +0000] "GET /articles/124.html HTTP/1.1" 200 4308 "https://julienlargetpiet.tech/all_news/A_simple_compression_algorithm" "Mozilla/5.0 (Linux; Android 6.0.1; Nexus 5X Build/MMB29P) AppleWebKit/537.36 (KHTML, like Gecko) Chrome/144.0.7559.132 Mobile Safari/537.36 (compatible; Googlebot/2.1; +http://www.google.com/bot.html)"
66.249.68.134 - - [14/Feb/2026:14:48:52 +0000] "GET /articles/123.html HTTP/1.1" 200 5770 "https://julienlargetpiet.tech/all_news/A_simple_compression_algorithm" "Mozilla/5.0 (Linux; Android 6.0.1; Nexus 5X Build/MMB29P) AppleWebKit/537.36 (KHTML, like Gecko) Chrome/144.0.7559.132 Mobile Safari/537.36 (compatible; Googlebot/2.1; +http://www.google.com/bot.html)"
66.249.68.134 - - [14/Feb/2026:14:48:52 +0000] "GET /articles/120.html HTTP/1.1" 200 4842 "https://julienlargetpiet.tech/all_news/A_simple_compression_algorithm" "Mozilla/5.0 (Linux; Android 6.0.1; Nexus 5X Build/MMB29P) AppleWebKit/537.36 (KHTML, like Gecko) Chrome/144.0.7559.132 Mobile Safari/537.36 (compatible; Googlebot/2.1; +http://www.google.com/bot.html)"
66.249.68.134 - - [14/Feb/2026:14:48:53 +0000] "GET /articles/119.html HTTP/1.1" 200 5741 "https://julienlargetpiet.tech/all_news/A_simple_compression_algorithm" "Mozilla/5.0 (Linux; Android 6.0.1; Nexus 5X Build/MMB29P) AppleWebKit/537.36 (KHTML, like Gecko) Chrome/144.0.7559.132 Mobile Safari/537.36 (compatible; Googlebot/2.1; +http://www.google.com/bot.html)"
66.249.68.134 - - [14/Feb/2026:14:48:53 +0000] "GET /articles/118.html HTTP/1.1" 200 2336 "https://julienlargetpiet.tech/all_news/A_simple_compression_algorithm" "Mozilla/5.0 (Linux; Android 6.0.1; Nexus 5X Build/MMB29P) AppleWebKit/537.36 (KHTML, like Gecko) Chrome/144.0.7559.132 Mobile Safari/537.36 (compatible; Googlebot/2.1; +http://www.google.com/bot.html)"
66.249.68.134 - - [14/Feb/2026:14:48:54 +0000] "GET /articles/117.html HTTP/1.1" 200 5143 "https://julienlargetpiet.tech/all_news/A_simple_compression_algorithm" "Mozilla/5.0 (Linux; Android 6.0.1; Nexus 5X Build/MMB29P) AppleWebKit/537.36 (KHTML, like Gecko) Chrome/144.0.7559.132 Mobile Safari/537.36 (compatible; Googlebot/2.1; +http://www.google.com/bot.html)"
66.249.68.134 - - [14/Feb/2026:14:48:54 +0000] "GET /articles/116.html HTTP/1.1" 200 4212 "https://julienlargetpiet.tech/all_news/A_simple_compression_algorithm" "Mozilla/5.0 (Linux; Android 6.0.1; Nexus 5X Build/MMB29P) AppleWebKit/537.36 (KHTML, like Gecko) Chrome/144.0.7559.132 Mobile Safari/537.36 (compatible; Googlebot/2.1; +http://www.google.com/bot.html)"
66.249.68.134 - - [14/Feb/2026:14:48:54 +0000] "GET /articles/115.html HTTP/1.1" 200 2801 "https://julienlargetpiet.tech/all_news/A_simple_compression_algorithm" "Mozilla/5.0 (Linux; Android 6.0.1; Nexus 5X Build/MMB29P) AppleWebKit/537.36 (KHTML, like Gecko) Chrome/144.0.7559.132 Mobile Safari/537.36 (compatible; Googlebot/2.1; +http://www.google.com/bot.html)"
66.249.68.134 - - [14/Feb/2026:14:48:55 +0000] "GET /articles/114.html HTTP/1.1" 200 7242 "https://julienlargetpiet.tech/all_news/A_simple_compression_algorithm" "Mozilla/5.0 (Linux; Android 6.0.1; Nexus 5X Build/MMB29P) AppleWebKit/537.36 (KHTML, like Gecko) Chrome/144.0.7559.132 Mobile Safari/537.36 (compatible; Googlebot/2.1; +http://www.google.com/bot.html)"
66.249.68.134 - - [14/Feb/2026:14:48:55 +0000] "GET /articles/113.html HTTP/1.1" 200 4101 "https://julienlargetpiet.tech/all_news/A_simple_compression_algorithm" "Mozilla/5.0 (Linux; Android 6.0.1; Nexus 5X Build/MMB29P) AppleWebKit/537.36 (KHTML, like Gecko) Chrome/144.0.7559.132 Mobile Safari/537.36 (compatible; Googlebot/2.1; +http://www.google.com/bot.html)"
66.249.68.134 - - [14/Feb/2026:14:48:56 +0000] "GET /articles/112.html HTTP/1.1" 200 3813 "https://julienlargetpiet.tech/all_news/A_simple_compression_algorithm" "Mozilla/5.0 (Linux; Android 6.0.1; Nexus 5X Build/MMB29P) AppleWebKit/537.36 (KHTML, like Gecko) Chrome/144.0.7559.132 Mobile Safari/537.36 (compatible; Googlebot/2.1; +http://www.google.com/bot.html)"
66.249.68.134 - - [14/Feb/2026:14:48:56 +0000] "GET /articles/111.html HTTP/1.1" 200 3639 "https://julienlargetpiet.tech/all_news/A_simple_compression_algorithm" "Mozilla/5.0 (Linux; Android 6.0.1; Nexus 5X Build/MMB29P) AppleWebKit/537.36 (KHTML, like Gecko) Chrome/144.0.7559.132 Mobile Safari/537.36 (compatible; Googlebot/2.1; +http://www.google.com/bot.html)"
66.249.68.134 - - [14/Feb/2026:14:48:57 +0000] "GET /articles/110.html HTTP/1.1" 200 3407 "https://julienlargetpiet.tech/all_news/A_simple_compression_algorithm" "Mozilla/5.0 (Linux; Android 6.0.1; Nexus 5X Build/MMB29P) AppleWebKit/537.36 (KHTML, like Gecko) Chrome/144.0.7559.132 Mobile Safari/537.36 (compatible; Googlebot/2.1; +http://www.google.com/bot.html)"
66.249.68.134 - - [14/Feb/2026:14:48:57 +0000] "GET /articles/109.html HTTP/1.1" 200 4948 "https://julienlargetpiet.tech/all_news/A_simple_compression_algorithm" "Mozilla/5.0 (Linux; Android 6.0.1; Nexus 5X Build/MMB29P) AppleWebKit/537.36 (KHTML, like Gecko) Chrome/144.0.7559.132 Mobile Safari/537.36 (compatible; Googlebot/2.1; +http://www.google.com/bot.html)"
66.249.68.134 - - [14/Feb/2026:14:48:58 +0000] "GET /articles/108.html HTTP/1.1" 200 3596 "https://julienlargetpiet.tech/all_news/A_simple_compression_algorithm" "Mozilla/5.0 (Linux; Android 6.0.1; Nexus 5X Build/MMB29P) AppleWebKit/537.36 (KHTML, like Gecko) Chrome/144.0.7559.132 Mobile Safari/537.36 (compatible; Googlebot/2.1; +http://www.google.com/bot.html)"
66.249.68.134 - - [14/Feb/2026:14:48:58 +0000] "GET /articles/107.html HTTP/1.1" 200 4145 "https://julienlargetpiet.tech/all_news/A_simple_compression_algorithm" "Mozilla/5.0 (Linux; Android 6.0.1; Nexus 5X Build/MMB29P) AppleWebKit/537.36 (KHTML, like Gecko) Chrome/144.0.7559.132 Mobile Safari/537.36 (compatible; Googlebot/2.1; +http://www.google.com/bot.html)"
66.249.68.134 - - [14/Feb/2026:14:48:59 +0000] "GET /articles/106.html HTTP/1.1" 200 3548 "https://julienlargetpiet.tech/all_news/A_simple_compression_algorithm" "Mozilla/5.0 (Linux; Android 6.0.1; Nexus 5X Build/MMB29P) AppleWebKit/537.36 (KHTML, like Gecko) Chrome/144.0.7559.132 Mobile Safari/537.36 (compatible; Googlebot/2.1; +http://www.google.com/bot.html)"
66.249.68.134 - - [14/Feb/2026:14:48:59 +0000] "GET /articles/105.html HTTP/1.1" 200 4132 "https://julienlargetpiet.tech/all_news/A_simple_compression_algorithm" "Mozilla/5.0 (Linux; Android 6.0.1; Nexus 5X Build/MMB29P) AppleWebKit/537.36 (KHTML, like Gecko) Chrome/144.0.7559.132 Mobile Safari/537.36 (compatible; Googlebot/2.1; +http://www.google.com/bot.html)"
66.249.68.136 - - [14/Feb/2026:14:49:00 +0000] "GET /articles/104.html HTTP/1.1" 200 3610 "https://julienlargetpiet.tech/all_news/A_simple_compression_algorithm" "Mozilla/5.0 (Linux; Android 6.0.1; Nexus 5X Build/MMB29P) AppleWebKit/537.36 (KHTML, like Gecko) Chrome/144.0.7559.132 Mobile Safari/537.36 (compatible; Googlebot/2.1; +http://www.google.com/bot.html)"
66.249.68.135 - - [14/Feb/2026:14:49:00 +0000] "GET /articles/103.html HTTP/1.1" 200 3596 "https://julienlargetpiet.tech/all_news/A_simple_compression_algorithm" "Mozilla/5.0 (Linux; Android 6.0.1; Nexus 5X Build/MMB29P) AppleWebKit/537.36 (KHTML, like Gecko) Chrome/144.0.7559.132 Mobile Safari/537.36 (compatible; Googlebot/2.1; +http://www.google.com/bot.html)"
66.249.68.134 - - [14/Feb/2026:14:49:01 +0000] "GET /articles/102.html HTTP/1.1" 200 4032 "https://julienlargetpiet.tech/all_news/A_simple_compression_algorithm" "Mozilla/5.0 (Linux; Android 6.0.1; Nexus 5X Build/MMB29P) AppleWebKit/537.36 (KHTML, like Gecko) Chrome/144.0.7559.132 Mobile Safari/537.36 (compatible; Googlebot/2.1; +http://www.google.com/bot.html)"
66.249.68.135 - - [14/Feb/2026:14:49:01 +0000] "GET /articles/101.html HTTP/1.1" 200 3844 "https://julienlargetpiet.tech/all_news/A_simple_compression_algorithm" "Mozilla/5.0 (Linux; Android 6.0.1; Nexus 5X Build/MMB29P) AppleWebKit/537.36 (KHTML, like Gecko) Chrome/144.0.7559.132 Mobile Safari/537.36 (compatible; Googlebot/2.1; +http://www.google.com/bot.html)"
66.249.68.136 - - [14/Feb/2026:14:49:02 +0000] "GET /articles/100.html HTTP/1.1" 200 3721 "https://julienlargetpiet.tech/all_news/A_simple_compression_algorithm" "Mozilla/5.0 (Linux; Android 6.0.1; Nexus 5X Build/MMB29P) AppleWebKit/537.36 (KHTML, like Gecko) Chrome/144.0.7559.132 Mobile Safari/537.36 (compatible; Googlebot/2.1; +http://www.google.com/bot.html)"
66.249.68.136 - - [14/Feb/2026:14:49:02 +0000] "GET /articles/99.html HTTP/1.1" 200 3568 "https://julienlargetpiet.tech/all_news/A_simple_compression_algorithm" "Mozilla/5.0 (Linux; Android 6.0.1; Nexus 5X Build/MMB29P) AppleWebKit/537.36 (KHTML, like Gecko) Chrome/144.0.7559.132 Mobile Safari/537.36 (compatible; Googlebot/2.1; +http://www.google.com/bot.html)"
66.249.68.135 - - [14/Feb/2026:14:49:03 +0000] "GET /articles/98.html HTTP/1.1" 200 4000 "https://julienlargetpiet.tech/all_news/A_simple_compression_algorithm" "Mozilla/5.0 (Linux; Android 6.0.1; Nexus 5X Build/MMB29P) AppleWebKit/537.36 (KHTML, like Gecko) Chrome/144.0.7559.132 Mobile Safari/537.36 (compatible; Googlebot/2.1; +http://www.google.com/bot.html)"
66.249.68.135 - - [14/Feb/2026:14:49:03 +0000] "GET /articles/97.html HTTP/1.1" 200 3079 "https://julienlargetpiet.tech/all_news/A_simple_compression_algorithm" "Mozilla/5.0 (Linux; Android 6.0.1; Nexus 5X Build/MMB29P) AppleWebKit/537.36 (KHTML, like Gecko) Chrome/144.0.7559.132 Mobile Safari/537.36 (compatible; Googlebot/2.1; +http://www.google.com/bot.html)"
66.249.68.136 - - [14/Feb/2026:14:49:04 +0000] "GET /articles/96.html HTTP/1.1" 200 2969 "https://julienlargetpiet.tech/all_news/A_simple_compression_algorithm" "Mozilla/5.0 (Linux; Android 6.0.1; Nexus 5X Build/MMB29P) AppleWebKit/537.36 (KHTML, like Gecko) Chrome/144.0.7559.132 Mobile Safari/537.36 (compatible; Googlebot/2.1; +http://www.google.com/bot.html)"
66.249.68.134 - - [14/Feb/2026:14:49:04 +0000] "GET /articles/95.html HTTP/1.1" 200 2967 "https://julienlargetpiet.tech/all_news/A_simple_compression_algorithm" "Mozilla/5.0 (Linux; Android 6.0.1; Nexus 5X Build/MMB29P) AppleWebKit/537.36 (KHTML, like Gecko) Chrome/144.0.7559.132 Mobile Safari/537.36 (compatible; Googlebot/2.1; +http://www.google.com/bot.html)"
66.249.68.135 - - [14/Feb/2026:14:49:05 +0000] "GET /articles/94.html HTTP/1.1" 200 3814 "https://julienlargetpiet.tech/all_news/A_simple_compression_algorithm" "Mozilla/5.0 (Linux; Android 6.0.1; Nexus 5X Build/MMB29P) AppleWebKit/537.36 (KHTML, like Gecko) Chrome/144.0.7559.132 Mobile Safari/537.36 (compatible; Googlebot/2.1; +http://www.google.com/bot.html)"
66.249.68.135 - - [14/Feb/2026:14:49:05 +0000] "GET /articles/93.html HTTP/1.1" 200 2827 "https://julienlargetpiet.tech/all_news/A_simple_compression_algorithm" "Mozilla/5.0 (Linux; Android 6.0.1; Nexus 5X Build/MMB29P) AppleWebKit/537.36 (KHTML, like Gecko) Chrome/144.0.7559.132 Mobile Safari/537.36 (compatible; Googlebot/2.1; +http://www.google.com/bot.html)"
66.249.68.135 - - [14/Feb/2026:14:49:06 +0000] "GET /articles/92.html HTTP/1.1" 200 2469 "https://julienlargetpiet.tech/all_news/A_simple_compression_algorithm" "Mozilla/5.0 (Linux; Android 6.0.1; Nexus 5X Build/MMB29P) AppleWebKit/537.36 (KHTML, like Gecko) Chrome/144.0.7559.132 Mobile Safari/537.36 (compatible; Googlebot/2.1; +http://www.google.com/bot.html)"
66.249.68.134 - - [14/Feb/2026:14:49:06 +0000] "GET /articles/91.html HTTP/1.1" 200 2962 "https://julienlargetpiet.tech/all_news/A_simple_compression_algorithm" "Mozilla/5.0 (Linux; Android 6.0.1; Nexus 5X Build/MMB29P) AppleWebKit/537.36 (KHTML, like Gecko) Chrome/144.0.7559.132 Mobile Safari/537.36 (compatible; Googlebot/2.1; +http://www.google.com/bot.html)"
66.249.68.134 - - [14/Feb/2026:14:49:07 +0000] "GET /articles/90.html HTTP/1.1" 200 2783 "https://julienlargetpiet.tech/all_news/A_simple_compression_algorithm" "Mozilla/5.0 (Linux; Android 6.0.1; Nexus 5X Build/MMB29P) AppleWebKit/537.36 (KHTML, like Gecko) Chrome/144.0.7559.132 Mobile Safari/537.36 (compatible; Googlebot/2.1; +http://www.google.com/bot.html)"
66.249.68.135 - - [14/Feb/2026:14:49:07 +0000] "GET /articles/89.html HTTP/1.1" 200 3342 "https://julienlargetpiet.tech/all_news/A_simple_compression_algorithm" "Mozilla/5.0 (Linux; Android 6.0.1; Nexus 5X Build/MMB29P) AppleWebKit/537.36 (KHTML, like Gecko) Chrome/144.0.7559.132 Mobile Safari/537.36 (compatible; Googlebot/2.1; +http://www.google.com/bot.html)"
66.249.68.135 - - [14/Feb/2026:14:49:08 +0000] "GET /articles/88.html HTTP/1.1" 200 2975 "https://julienlargetpiet.tech/all_news/A_simple_compression_algorithm" "Mozilla/5.0 (Linux; Android 6.0.1; Nexus 5X Build/MMB29P) AppleWebKit/537.36 (KHTML, like Gecko) Chrome/144.0.7559.132 Mobile Safari/537.36 (compatible; Googlebot/2.1; +http://www.google.com/bot.html)"
66.249.68.135 - - [14/Feb/2026:14:49:08 +0000] "GET /articles/87.html HTTP/1.1" 200 2593 "https://julienlargetpiet.tech/all_news/A_simple_compression_algorithm" "Mozilla/5.0 (Linux; Android 6.0.1; Nexus 5X Build/MMB29P) AppleWebKit/537.36 (KHTML, like Gecko) Chrome/144.0.7559.132 Mobile Safari/537.36 (compatible; Googlebot/2.1; +http://www.google.com/bot.html)"
66.249.68.134 - - [14/Feb/2026:14:49:09 +0000] "GET /articles/86.html HTTP/1.1" 200 2734 "https://julienlargetpiet.tech/all_news/A_simple_compression_algorithm" "Mozilla/5.0 (Linux; Android 6.0.1; Nexus 5X Build/MMB29P) AppleWebKit/537.36 (KHTML, like Gecko) Chrome/144.0.7559.132 Mobile Safari/537.36 (compatible; Googlebot/2.1; +http://www.google.com/bot.html)"
66.249.68.134 - - [14/Feb/2026:14:49:09 +0000] "GET /articles/85.html HTTP/1.1" 200 2759 "https://julienlargetpiet.tech/all_news/A_simple_compression_algorithm" "Mozilla/5.0 (Linux; Android 6.0.1; Nexus 5X Build/MMB29P) AppleWebKit/537.36 (KHTML, like Gecko) Chrome/144.0.7559.132 Mobile Safari/537.36 (compatible; Googlebot/2.1; +http://www.google.com/bot.html)"
66.249.68.134 - - [14/Feb/2026:14:49:10 +0000] "GET /articles/84.html HTTP/1.1" 200 2885 "https://julienlargetpiet.tech/all_news/A_simple_compression_algorithm" "Mozilla/5.0 (Linux; Android 6.0.1; Nexus 5X Build/MMB29P) AppleWebKit/537.36 (KHTML, like Gecko) Chrome/144.0.7559.132 Mobile Safari/537.36 (compatible; Googlebot/2.1; +http://www.google.com/bot.html)"
66.249.68.134 - - [14/Feb/2026:14:49:10 +0000] "GET /articles/83.html HTTP/1.1" 200 3184 "https://julienlargetpiet.tech/all_news/A_simple_compression_algorithm" "Mozilla/5.0 (Linux; Android 6.0.1; Nexus 5X Build/MMB29P) AppleWebKit/537.36 (KHTML, like Gecko) Chrome/144.0.7559.132 Mobile Safari/537.36 (compatible; Googlebot/2.1; +http://www.google.com/bot.html)"
66.249.68.134 - - [14/Feb/2026:14:49:11 +0000] "GET /articles/82.html HTTP/1.1" 200 3363 "https://julienlargetpiet.tech/all_news/A_simple_compression_algorithm" "Mozilla/5.0 (Linux; Android 6.0.1; Nexus 5X Build/MMB29P) AppleWebKit/537.36 (KHTML, like Gecko) Chrome/144.0.7559.132 Mobile Safari/537.36 (compatible; Googlebot/2.1; +http://www.google.com/bot.html)"
66.249.68.134 - - [14/Feb/2026:14:49:11 +0000] "GET /articles/81.html HTTP/1.1" 200 2787 "https://julienlargetpiet.tech/all_news/A_simple_compression_algorithm" "Mozilla/5.0 (Linux; Android 6.0.1; Nexus 5X Build/MMB29P) AppleWebKit/537.36 (KHTML, like Gecko) Chrome/144.0.7559.132 Mobile Safari/537.36 (compatible; Googlebot/2.1; +http://www.google.com/bot.html)"
66.249.68.134 - - [14/Feb/2026:14:49:12 +0000] "GET /articles/80.html HTTP/1.1" 200 3514 "https://julienlargetpiet.tech/all_news/A_simple_compression_algorithm" "Mozilla/5.0 (Linux; Android 6.0.1; Nexus 5X Build/MMB29P) AppleWebKit/537.36 (KHTML, like Gecko) Chrome/144.0.7559.132 Mobile Safari/537.36 (compatible; Googlebot/2.1; +http://www.google.com/bot.html)"
66.249.68.134 - - [14/Feb/2026:14:49:12 +0000] "GET /articles/79.html HTTP/1.1" 200 5318 "https://julienlargetpiet.tech/all_news/A_simple_compression_algorithm" "Mozilla/5.0 (Linux; Android 6.0.1; Nexus 5X Build/MMB29P) AppleWebKit/537.36 (KHTML, like Gecko) Chrome/144.0.7559.132 Mobile Safari/537.36 (compatible; Googlebot/2.1; +http://www.google.com/bot.html)"
66.249.68.134 - - [14/Feb/2026:14:49:13 +0000] "GET /articles/78.html HTTP/1.1" 200 5220 "https://julienlargetpiet.tech/all_news/A_simple_compression_algorithm" "Mozilla/5.0 (Linux; Android 6.0.1; Nexus 5X Build/MMB29P) AppleWebKit/537.36 (KHTML, like Gecko) Chrome/144.0.7559.132 Mobile Safari/537.36 (compatible; Googlebot/2.1; +http://www.google.com/bot.html)"
66.249.68.134 - - [14/Feb/2026:14:49:13 +0000] "GET /articles/77.html HTTP/1.1" 200 3719 "https://julienlargetpiet.tech/all_news/A_simple_compression_algorithm" "Mozilla/5.0 (Linux; Android 6.0.1; Nexus 5X Build/MMB29P) AppleWebKit/537.36 (KHTML, like Gecko) Chrome/144.0.7559.132 Mobile Safari/537.36 (compatible; Googlebot/2.1; +http://www.google.com/bot.html)"
66.249.68.134 - - [14/Feb/2026:14:49:14 +0000] "GET /articles/76.html HTTP/1.1" 200 3101 "https://julienlargetpiet.tech/all_news/A_simple_compression_algorithm" "Mozilla/5.0 (Linux; Android 6.0.1; Nexus 5X Build/MMB29P) AppleWebKit/537.36 (KHTML, like Gecko) Chrome/144.0.7559.132 Mobile Safari/537.36 (compatible; Googlebot/2.1; +http://www.google.com/bot.html)"
66.249.68.134 - - [14/Feb/2026:14:49:14 +0000] "GET /articles/75.html HTTP/1.1" 200 3783 "https://julienlargetpiet.tech/all_news/A_simple_compression_algorithm" "Mozilla/5.0 (Linux; Android 6.0.1; Nexus 5X Build/MMB29P) AppleWebKit/537.36 (KHTML, like Gecko) Chrome/144.0.7559.132 Mobile Safari/537.36 (compatible; Googlebot/2.1; +http://www.google.com/bot.html)"
66.249.68.134 - - [14/Feb/2026:14:49:15 +0000] "GET /articles/74.html HTTP/1.1" 200 2909 "https://julienlargetpiet.tech/all_news/A_simple_compression_algorithm" "Mozilla/5.0 (Linux; Android 6.0.1; Nexus 5X Build/MMB29P) AppleWebKit/537.36 (KHTML, like Gecko) Chrome/144.0.7559.132 Mobile Safari/537.36 (compatible; Googlebot/2.1; +http://www.google.com/bot.html)"
