92.184.144.154 - - [14/Feb/2026:11:59:59 +0000] "GET /articles/121.html HTTP/2.0" 200 6330 "https://julienlargetpiet.tech/" "Mozilla/5.0 (iPhone; CPU iPhone OS 18_6_2 like Mac OS X) AppleWebKit/605.1.15 (KHTML, like Gecko) Version/18.6 Mobile/15E148 Safari/604.1"
92.184.144.154 - - [14/Feb/2026:11:59:59 +0000] "GET /assets/favicon.ico HTTP/2.0" 200 1150 "https://julienlargetpiet.tech/" "Mozilla/5.0 (iPhone; CPU iPhone OS 18_6_2 like Mac OS X) AppleWebKit/605.1.15 (KHTML, like Gecko) Version/18.6 Mobile/15E148 Safari/604.1"
92.184.144.154 - - [14/Feb/2026:11:59:59 +0000] "GET /articles/120.html HTTP/2.0" 200 4829 "https://julienlargetpiet.tech/" "Mozilla/5.0 (iPhone; CPU iPhone OS 18_6_2 like Mac OS X) AppleWebKit/605.1.15 (KHTML, like Gecko) Version/18.6 Mobile/15E148 Safari/604.1"
92.184.144.154 - - [14/Feb/2026:11:59:59 +0000] "GET /articles/119.html HTTP/2.0" 200 5728 "https://julienlargetpiet.tech/" "Mozilla/5.0 (iPhone; CPU iPhone OS 18_6_2 like Mac OS X) AppleWebKit/605.1.15 (KHTML, like Gecko) Version/18.6 Mobile/15E148 Safari/604.1"
92.184.144.154 - - [14/Feb/2026:11:59:59 +0000] "GET /articles/118.html HTTP/2.0" 200 2324 "https://julienlargetpiet.tech/" "Mozilla/5.0 (iPhone; CPU iPhone OS 18_6_2 like Mac OS X) AppleWebKit/605.1.15 (KHTML, like Gecko) Version/18.6 Mobile/15E148 Safari/604.1"
92.184.144.154 - - [14/Feb/2026:11:59:59 +0000] "GET /articles/117.html HTTP/2.0" 200 5130 "https://julienlargetpiet.tech/" "Mozilla/5.0 (iPhone; CPU iPhone OS 18_6_2 like Mac OS X) AppleWebKit/605.1.15 (KHTML, like Gecko) Version/18.6 Mobile/15E148 Safari/604.1"
92.184.144.154 - - [14/Feb/2026:11:59:59 +0000] "GET /articles/116.html HTTP/2.0" 200 4199 "https://julienlargetpiet.tech/" "Mozilla/5.0 (iPhone; CPU iPhone OS 18_6_2 like Mac OS X) AppleWebKit/605.1.15 (KHTML, like Gecko) Version/18.6 Mobile/15E148 Safari/604.1"
92.184.144.154 - - [14/Feb/2026:11:59:59 +0000] "GET /articles/115.html HTTP/2.0" 200 2789 "https://julienlargetpiet.tech/" "Mozilla/5.0 (iPhone; CPU iPhone OS 18_6_2 like Mac OS X) AppleWebKit/605.1.15 (KHTML, like Gecko) Version/18.6 Mobile/15E148 Safari/604.1"
92.184.144.154 - - [14/Feb/2026:11:59:59 +0000] "GET /articles/114.html HTTP/2.0" 200 7229 "https://julienlargetpiet.tech/" "Mozilla/5.0 (iPhone; CPU iPhone OS 18_6_2 like Mac OS X) AppleWebKit/605.1.15 (KHTML, like Gecko) Version/18.6 Mobile/15E148 Safari/604.1"
92.184.144.154 - - [14/Feb/2026:11:59:59 +0000] "GET /articles/113.html HTTP/2.0" 200 4089 "https://julienlargetpiet.tech/" "Mozilla/5.0 (iPhone; CPU iPhone OS 18_6_2 like Mac OS X) AppleWebKit/605.1.15 (KHTML, like Gecko) Version/18.6 Mobile/15E148 Safari/604.1"
92.184.144.154 - - [14/Feb/2026:12:00:00 +0000] "GET /articles/112.html HTTP/2.0" 200 3801 "https://julienlargetpiet.tech/" "Mozilla/5.0 (iPhone; CPU iPhone OS 18_6_2 like Mac OS X) AppleWebKit/605.1.15 (KHTML, like Gecko) Version/18.6 Mobile/15E148 Safari/604.1"
92.184.144.154 - - [14/Feb/2026:12:00:00 +0000] "GET /articles/111.html HTTP/2.0" 200 3627 "https://julienlargetpiet.tech/" "Mozilla/5.0 (iPhone; CPU iPhone OS 18_6_2 like Mac OS X) AppleWebKit/605.1.15 (KHTML, like Gecko) Version/18.6 Mobile/15E148 Safari/604.1"
92.184.144.154 - - [14/Feb/2026:12:00:00 +0000] "GET /articles/110.html HTTP/2.0" 200 3395 "https://julienlargetpiet.tech/" "Mozilla/5.0 (iPhone; CPU iPhone OS 18_6_2 like Mac OS X) AppleWebKit/605.1.15 (KHTML, like Gecko) Version/18.6 Mobile/15E148 Safari/604.1"
92.184.144.154 - - [14/Feb/2026:12:00:00 +0000] "GET /articles/109.html HTTP/2.0" 200 4935 "https://julienlargetpiet.tech/" "Mozilla/5.0 (iPhone; CPU iPhone OS 18_6_2 like Mac OS X) AppleWebKit/605.1.15 (KHTML, like Gecko) Version/18.6 Mobile/15E148 Safari/604.1"
92.184.144.154 - - [14/Feb/2026:12:00:00 +0000] "GET /articles/108.html HTTP/2.0" 200 3584 "https://julienlargetpiet.tech/" "Mozilla/5.0 (iPhone; CPU iPhone OS 18_6_2 like Mac OS X) AppleWebKit/605.1.15 (KHTML, like Gecko) Version/18.6 Mobile/15E148 Safari/604.1"
92.184.144.154 - - [14/Feb/2026:12:00:00 +0000] "GET /articles/107.html HTTP/2.0" 200 4132 "https://julienlargetpiet.tech/" "Mozilla/5.0 (iPhone; CPU iPhone OS 18_6_2 like Mac OS X) AppleWebKit/605.1.15 (KHTML, like Gecko) Version/18.6 Mobile/15E148 Safari/604.1"
92.184.144.154 - - [14/Feb/2026:12:00:00 +0000] "GET /articles/106.html HTTP/2.0" 200 3536 "https://julienlargetpiet.tech/" "Mozilla/5.0 (iPhone; CPU iPhone OS 18_6_2 like Mac OS X) AppleWebKit/605.1.15 (KHTML, like Gecko) Version/18.6 Mobile/15E148 Safari/604.1"
92.184.144.154 - - [14/Feb/2026:12:00:00 +0000] "GET /articles/105.html HTTP/2.0" 200 4119 "https://julienlargetpiet.tech/" "Mozilla/5.0 (iPhone; CPU iPhone OS 18_6_2 like Mac OS X) AppleWebKit/605.1.15 (KHTML, like Gecko) Version/18.6 Mobile/15E148 Safari/604.1"
92.184.144.154 - - [14/Feb/2026:12:00:00 +0000] "GET /articles/104.html HTTP/2.0" 200 3598 "https://julienlargetpiet.tech/" "Mozilla/5.0 (iPhone; CPU iPhone OS 18_6_2 like Mac OS X) AppleWebKit/605.1.15 (KHTML, like Gecko) Version/18.6 Mobile/15E148 Safari/604.1"
92.184.144.154 - - [14/Feb/2026:12:00:00 +0000] "GET /articles/103.html HTTP/2.0" 200 3584 "https://julienlargetpiet.tech/" "Mozilla/5.0 (iPhone; CPU iPhone OS 18_6_2 like Mac OS X) AppleWebKit/605.1.15 (KHTML, like Gecko) Version/18.6 Mobile/15E148 Safari/604.1"
92.184.144.154 - - [14/Feb/2026:12:00:00 +0000] "GET /articles/102.html HTTP/2.0" 200 4020 "https://julienlargetpiet.tech/" "Mozilla/5.0 (iPhone; CPU iPhone OS 18_6_2 like Mac OS X) AppleWebKit/605.1.15 (KHTML, like Gecko) Version/18.6 Mobile/15E148 Safari/604.1"
92.184.144.154 - - [14/Feb/2026:12:00:00 +0000] "GET /articles/101.html HTTP/2.0" 200 3832 "https://julienlargetpiet.tech/" "Mozilla/5.0 (iPhone; CPU iPhone OS 18_6_2 like Mac OS X) AppleWebKit/605.1.15 (KHTML, like Gecko) Version/18.6 Mobile/15E148 Safari/604.1"
92.184.144.154 - - [14/Feb/2026:12:00:00 +0000] "GET /articles/100.html HTTP/2.0" 200 3709 "https://julienlargetpiet.tech/" "Mozilla/5.0 (iPhone; CPU iPhone OS 18_6_2 like Mac OS X) AppleWebKit/605.1.15 (KHTML, like Gecko) Version/18.6 Mobile/15E148 Safari/604.1"
92.184.144.154 - - [14/Feb/2026:12:00:00 +0000] "GET /articles/99.html HTTP/2.0" 200 3556 "https://julienlargetpiet.tech/" "Mozilla/5.0 (iPhone; CPU iPhone OS 18_6_2 like Mac OS X) AppleWebKit/605.1.15 (KHTML, like Gecko) Version/18.6 Mobile/15E148 Safari/604.1"
92.184.144.154 - - [14/Feb/2026:12:00:00 +0000] "GET /articles/98.html HTTP/2.0" 200 3988 "https://julienlargetpiet.tech/" "Mozilla/5.0 (iPhone; CPU iPhone OS 18_6_2 like Mac OS X) AppleWebKit/605.1.15 (KHTML, like Gecko) Version/18.6 Mobile/15E148 Safari/604.1"
92.184.144.154 - - [14/Feb/2026:12:00:00 +0000] "GET /articles/97.html HTTP/2.0" 200 3067 "https://julienlargetpiet.tech/" "Mozilla/5.0 (iPhone; CPU iPhone OS 18_6_2 like Mac OS X) AppleWebKit/605.1.15 (KHTML, like Gecko) Version/18.6 Mobile/15E148 Safari/604.1"
92.184.144.154 - - [14/Feb/2026:12:00:00 +0000] "GET /articles/96.html HTTP/2.0" 200 2957 "https://julienlargetpiet.tech/" "Mozilla/5.0 (iPhone; CPU iPhone OS 18_6_2 like Mac OS X) AppleWebKit/605.1.15 (KHTML, like Gecko) Version/18.6 Mobile/15E148 Safari/604.1"
92.184.144.154 - - [14/Feb/2026:12:00:00 +0000] "GET /articles/95.html HTTP/2.0" 200 2955 "https://julienlargetpiet.tech/" "Mozilla/5.0 (iPhone; CPU iPhone OS 18_6_2 like Mac OS X) AppleWebKit/605.1.15 (KHTML, like Gecko) Version/18.6 Mobile/15E148 Safari/604.1"
92.184.144.154 - - [14/Feb/2026:12:00:00 +0000] "GET /articles/94.html HTTP/2.0" 200 3802 "https://julienlargetpiet.tech/" "Mozilla/5.0 (iPhone; CPU iPhone OS 18_6_2 like Mac OS X) AppleWebKit/605.1.15 (KHTML, like Gecko) Version/18.6 Mobile/15E148 Safari/604.1"
92.184.144.154 - - [14/Feb/2026:12:00:00 +0000] "GET /articles/93.html HTTP/2.0" 200 2815 "https://julienlargetpiet.tech/" "Mozilla/5.0 (iPhone; CPU iPhone OS 18_6_2 like Mac OS X) AppleWebKit/605.1.15 (KHTML, like Gecko) Version/18.6 Mobile/15E148 Safari/604.1"
92.184.144.154 - - [14/Feb/2026:12:00:00 +0000] "GET /articles/92.html HTTP/2.0" 200 2457 "https://julienlargetpiet.tech/" "Mozilla/5.0 (iPhone; CPU iPhone OS 18_6_2 like Mac OS X) AppleWebKit/605.1.15 (KHTML, like Gecko) Version/18.6 Mobile/15E148 Safari/604.1"
92.184.144.154 - - [14/Feb/2026:12:00:00 +0000] "GET /articles/91.html HTTP/2.0" 200 2950 "https://julienlargetpiet.tech/" "Mozilla/5.0 (iPhone; CPU iPhone OS 18_6_2 like Mac OS X) AppleWebKit/605.1.15 (KHTML, like Gecko) Version/18.6 Mobile/15E148 Safari/604.1"
92.184.144.154 - - [14/Feb/2026:12:00:00 +0000] "GET /articles/90.html HTTP/2.0" 200 2771 "https://julienlargetpiet.tech/" "Mozilla/5.0 (iPhone; CPU iPhone OS 18_6_2 like Mac OS X) AppleWebKit/605.1.15 (KHTML, like Gecko) Version/18.6 Mobile/15E148 Safari/604.1"
92.184.144.154 - - [14/Feb/2026:12:00:00 +0000] "GET /articles/89.html HTTP/2.0" 200 3330 "https://julienlargetpiet.tech/" "Mozilla/5.0 (iPhone; CPU iPhone OS 18_6_2 like Mac OS X) AppleWebKit/605.1.15 (KHTML, like Gecko) Version/18.6 Mobile/15E148 Safari/604.1"
92.184.144.154 - - [14/Feb/2026:12:00:01 +0000] "GET /articles/88.html HTTP/2.0" 200 2963 "https://julienlargetpiet.tech/" "Mozilla/5.0 (iPhone; CPU iPhone OS 18_6_2 like Mac OS X) AppleWebKit/605.1.15 (KHTML, like Gecko) Version/18.6 Mobile/15E148 Safari/604.1"
92.184.144.154 - - [14/Feb/2026:12:00:01 +0000] "GET /articles/87.html HTTP/2.0" 200 2581 "https://julienlargetpiet.tech/" "Mozilla/5.0 (iPhone; CPU iPhone OS 18_6_2 like Mac OS X) AppleWebKit/605.1.15 (KHTML, like Gecko) Version/18.6 Mobile/15E148 Safari/604.1"
92.184.144.154 - - [14/Feb/2026:12:00:01 +0000] "GET /articles/86.html HTTP/2.0" 200 2722 "https://julienlargetpiet.tech/" "Mozilla/5.0 (iPhone; CPU iPhone OS 18_6_2 like Mac OS X) AppleWebKit/605.1.15 (KHTML, like Gecko) Version/18.6 Mobile/15E148 Safari/604.1"
92.184.144.154 - - [14/Feb/2026:12:00:01 +0000] "GET /articles/85.html HTTP/2.0" 200 2747 "https://julienlargetpiet.tech/" "Mozilla/5.0 (iPhone; CPU iPhone OS 18_6_2 like Mac OS X) AppleWebKit/605.1.15 (KHTML, like Gecko) Version/18.6 Mobile/15E148 Safari/604.1"
92.184.144.154 - - [14/Feb/2026:12:00:01 +0000] "GET /articles/84.html HTTP/2.0" 200 2873 "https://julienlargetpiet.tech/" "Mozilla/5.0 (iPhone; CPU iPhone OS 18_6_2 like Mac OS X) AppleWebKit/605.1.15 (KHTML, like Gecko) Version/18.6 Mobile/15E148 Safari/604.1"
92.184.144.154 - - [14/Feb/2026:12:00:01 +0000] "GET /articles/83.html HTTP/2.0" 200 3172 "https://julienlargetpiet.tech/" "Mozilla/5.0 (iPhone; CPU iPhone OS 18_6_2 like Mac OS X) AppleWebKit/605.1.15 (KHTML, like Gecko) Version/18.6 Mobile/15E148 Safari/604.1"
92.184.144.154 - - [14/Feb/2026:12:00:01 +0000] "GET /articles/82.html HTTP/2.0" 200 3351 "https://julienlargetpiet.tech/" "Mozilla/5.0 (iPhone; CPU iPhone OS 18_6_2 like Mac OS X) AppleWebKit/605.1.15 (KHTML, like Gecko) Version/18.6 Mobile/15E148 Safari/604.1"
92.184.144.154 - - [14/Feb/2026:12:00:01 +0000] "GET /articles/81.html HTTP/2.0" 200 2775 "https://julienlargetpiet.tech/" "Mozilla/5.0 (iPhone; CPU iPhone OS 18_6_2 like Mac OS X) AppleWebKit/605.1.15 (KHTML, like Gecko) Version/18.6 Mobile/15E148 Safari/604.1"
92.184.144.154 - - [14/Feb/2026:12:00:01 +0000] "GET /articles/80.html HTTP/2.0" 200 3502 "https://julienlargetpiet.tech/" "Mozilla/5.0 (iPhone; CPU iPhone OS 18_6_2 like Mac OS X) AppleWebKit/605.1.15 (KHTML, like Gecko) Version/18.6 Mobile/15E148 Safari/604.1"
92.184.144.154 - - [14/Feb/2026:12:00:01 +0000] "GET /articles/79.html HTTP/2.0" 200 5305 "https://julienlargetpiet.tech/" "Mozilla/5.0 (iPhone; CPU iPhone OS 18_6_2 like Mac OS X) AppleWebKit/605.1.15 (KHTML, like Gecko) Version/18.6 Mobile/15E148 Safari/604.1"
92.184.144.154 - - [14/Feb/2026:12:00:01 +0000] "GET /articles/78.html HTTP/2.0" 200 5207 "https://julienlargetpiet.tech/" "Mozilla/5.0 (iPhone; CPU iPhone OS 18_6_2 like Mac OS X) AppleWebKit/605.1.15 (KHTML, like Gecko) Version/18.6 Mobile/15E148 Safari/604.1"
92.184.144.154 - - [14/Feb/2026:12:00:01 +0000] "GET /articles/77.html HTTP/2.0" 200 3707 "https://julienlargetpiet.tech/" "Mozilla/5.0 (iPhone; CPU iPhone OS 18_6_2 like Mac OS X) AppleWebKit/605.1.15 (KHTML, like Gecko) Version/18.6 Mobile/15E148 Safari/604.1"
92.184.144.154 - - [14/Feb/2026:12:00:01 +0000] "GET /articles/76.html HTTP/2.0" 200 3089 "https://julienlargetpiet.tech/" "Mozilla/5.0 (iPhone; CPU iPhone OS 18_6_2 like Mac OS X) AppleWebKit/605.1.15 (KHTML, like Gecko) Version/18.6 Mobile/15E148 Safari/604.1"
92.184.144.154 - - [14/Feb/2026:12:00:01 +0000] "GET /articles/75.html HTTP/2.0" 200 3771 "https://julienlargetpiet.tech/" "Mozilla/5.0 (iPhone; CPU iPhone OS 18_6_2 like Mac OS X) AppleWebKit/605.1.15 (KHTML, like Gecko) Version/18.6 Mobile/15E148 Safari/604.1"
92.184.144.154 - - [14/Feb/2026:12:00:01 +0000] "GET /articles/74.html HTTP/2.0" 200 2897 "https://julienlargetpiet.tech/" "Mozilla/5.0 (iPhone; CPU iPhone OS 18_6_2 like Mac OS X) AppleWebKit/605.1.15 (KHTML, like Gecko) Version/18.6 Mobile/15E148 Safari/604.1"
92.184.144.154 - - [14/Feb/2026:12:00:01 +0000] "GET /articles/73.html HTTP/2.0" 200 3236 "https://julienlargetpiet.tech/" "Mozilla/5.0 (iPhone; CPU iPhone OS 18_6_2 like Mac OS X) AppleWebKit/605.1.15 (KHTML, like Gecko) Version/18.6 Mobile/15E148 Safari/604.1"
92.184.144.154 - - [14/Feb/2026:12:00:01 +0000] "GET /articles/72.html HTTP/2.0" 200 2236 "https://julienlargetpiet.tech/" "Mozilla/5.0 (iPhone; CPU iPhone OS 18_6_2 like Mac OS X) AppleWebKit/605.1.15 (KHTML, like Gecko) Version/18.6 Mobile/15E148 Safari/604.1"
92.184.144.154 - - [14/Feb/2026:12:00:01 +0000] "GET /articles/71.html HTTP/2.0" 200 2095 "https://julienlargetpiet.tech/" "Mozilla/5.0 (iPhone; CPU iPhone OS 18_6_2 like Mac OS X) AppleWebKit/605.1.15 (KHTML, like Gecko) Version/18.6 Mobile/15E148 Safari/604.1"
92.184.144.154 - - [14/Feb/2026:12:00:01 +0000] "GET /articles/70.html HTTP/2.0" 200 3097 "https://julienlargetpiet.tech/" "Mozilla/5.0 (iPhone; CPU iPhone OS 18_6_2 like Mac OS X) AppleWebKit/605.1.15 (KHTML, like Gecko) Version/18.6 Mobile/15E148 Safari/604.1"
92.184.144.154 - - [14/Feb/2026:12:00:01 +0000] "GET /articles/69.html HTTP/2.0" 200 5414 "https://julienlargetpiet.tech/" "Mozilla/5.0 (iPhone; CPU iPhone OS 18_6_2 like Mac OS X) AppleWebKit/605.1.15 (KHTML, like Gecko) Version/18.6 Mobile/15E148 Safari/604.1"
92.184.144.154 - - [14/Feb/2026:12:00:02 +0000] "GET /articles/68.html HTTP/2.0" 200 3151 "https://julienlargetpiet.tech/" "Mozilla/5.0 (iPhone; CPU iPhone OS 18_6_2 like Mac OS X) AppleWebKit/605.1.15 (KHTML, like Gecko) Version/18.6 Mobile/15E148 Safari/604.1"
92.184.144.154 - - [14/Feb/2026:12:00:02 +0000] "GET /articles/67.html HTTP/2.0" 200 3511 "https://julienlargetpiet.tech/" "Mozilla/5.0 (iPhone; CPU iPhone OS 18_6_2 like Mac OS X) AppleWebKit/605.1.15 (KHTML, like Gecko) Version/18.6 Mobile/15E148 Safari/604.1"
92.184.144.154 - - [14/Feb/2026:12:00:02 +0000] "GET /articles/66.html HTTP/2.0" 200 4326 "https://julienlargetpiet.tech/" "Mozilla/5.0 (iPhone; CPU iPhone OS 18_6_2 like Mac OS X) AppleWebKit/605.1.15 (KHTML, like Gecko) Version/18.6 Mobile/15E148 Safari/604.1"
114.119.155.205 - - [14/Feb/2026:12:00:02 +0000] "GET /all_posts/Understanding_the_Haskell_Type_System:_From_Typeclasses_to_Data_Structures%2B26 HTTP/1.1" 200 7140 "https://julienlargetpiet.tech/all_posts/Understanding_the_Haskell_Type_System:_From_Typeclasses_to_Data_Structures%2B25" "Mozilla/5.0 (Linux; Android 7.0;) AppleWebKit/537.36 (KHTML, like Gecko) Mobile Safari/537.36 (compatible; PetalBot;+https://webmaster.petalsearch.com/site/petalbot)"
92.184.144.154 - - [14/Feb/2026:12:00:08 +0000] "GET /articles/124.html HTTP/2.0" 200 4295 "https://julienlargetpiet.tech/" "Mozilla/5.0 (iPhone; CPU iPhone OS 18_6_2 like Mac OS X) AppleWebKit/605.1.15 (KHTML, like Gecko) Version/18.6 Mobile/15E148 Safari/604.1"
92.184.144.154 - - [14/Feb/2026:12:00:08 +0000] "GET / HTTP/2.0" 200 7127 "https://julienlargetpiet.tech/articles/124.html" "Mozilla/5.0 (iPhone; CPU iPhone OS 18_6_2 like Mac OS X) AppleWebKit/605.1.15 (KHTML, like Gecko) Version/18.6 Mobile/15E148 Safari/604.1"
114.119.148.160 - - [14/Feb/2026:12:01:29 +0000] "GET /all_posts/Solving_the_Eight_Queens_Problem_in_Haskell%2B35 HTTP/1.1" 200 7140 "https://julienlargetpiet.tech/all_posts/Solving_the_Eight_Queens_Problem_in_Haskell%2B36" "Mozilla/5.0 (Linux; Android 7.0;) AppleWebKit/537.36 (KHTML, like Gecko) Mobile Safari/537.36 (compatible; PetalBot;+https://webmaster.petalsearch.com/site/petalbot)"
51.161.65.242 - - [14/Feb/2026:12:01:47 +0000] "GET /all_posts/Reimplementing_diff_in_C++:_A_Minimalist_Approach+15 HTTP/2.0" 200 7127 "-" "Mozilla/5.0 (compatible; AhrefsBot/7.0; +http://ahrefs.com/robot/)"
114.119.134.146 - - [14/Feb/2026:12:02:48 +0000] "GET /all_posts/Building_a_Tiny_Reverse_Polish_Notation_(RPN)_Calculator_in_Haskell%2B31 HTTP/1.1" 200 7140 "https://julienlargetpiet.tech/all_posts/Building_a_Tiny_Reverse_Polish_Notation_(RPN)_Calculator_in_Haskell%2B30" "Mozilla/5.0 (Linux; Android 7.0;) AppleWebKit/537.36 (KHTML, like Gecko) Mobile Safari/537.36 (compatible; PetalBot;+https://webmaster.petalsearch.com/site/petalbot)"
114.119.134.146 - - [14/Feb/2026:12:04:15 +0000] "GET /all_posts/Finding_the_Optimal_Path_in_Haskell:_A_Recursive_Exploration%2B8 HTTP/1.1" 200 7140 "https://julienlargetpiet.tech/all_posts/Finding_the_Optimal_Path_in_Haskell:_A_Recursive_Exploration%2B7" "Mozilla/5.0 (Linux; Android 7.0;) AppleWebKit/537.36 (KHTML, like Gecko) Mobile Safari/537.36 (compatible; PetalBot;+https://webmaster.petalsearch.com/site/petalbot)"
148.113.128.81 - - [14/Feb/2026:12:04:16 +0000] "GET /all_posts/Reimplementing_the_Cauchy_Distribution_in_Fulgurance_(C++_Statistics_Library)+103 HTTP/2.0" 200 7127 "-" "Mozilla/5.0 (compatible; AhrefsBot/7.0; +http://ahrefs.com/robot/)"
114.119.148.160 - - [14/Feb/2026:12:05:34 +0000] "GET /all_posts/Building_a_Tiny_Reverse_Polish_Notation_(RPN)_Calculator_in_Haskell%2B16 HTTP/1.1" 200 7140 "https://julienlargetpiet.tech/all_posts/Building_a_Tiny_Reverse_Polish_Notation_(RPN)_Calculator_in_Haskell%2B17" "Mozilla/5.0 (Linux; Android 7.0;) AppleWebKit/537.36 (KHTML, like Gecko) Mobile Safari/537.36 (compatible; PetalBot;+https://webmaster.petalsearch.com/site/petalbot)"
54.39.89.221 - - [14/Feb/2026:12:06:50 +0000] "GET /all_posts/Simple_Compression_Algorithm+37 HTTP/2.0" 200 7127 "-" "Mozilla/5.0 (compatible; AhrefsBot/7.0; +http://ahrefs.com/robot/)"
114.119.128.23 - - [14/Feb/2026:12:07:00 +0000] "GET /all_posts/A_New_Way_to_Explore_Your_System_on_Linux%2B7 HTTP/1.1" 200 7140 "https://julienlargetpiet.tech/all_posts/A_New_Way_to_Explore_Your_System_on_Linux%2B6" "Mozilla/5.0 (Linux; Android 7.0;) AppleWebKit/537.36 (KHTML, like Gecko) Mobile Safari/537.36 (compatible; PetalBot;+https://webmaster.petalsearch.com/site/petalbot)"
197.205.13.189 - - [14/Feb/2026:12:07:41 +0000] "GET /robots.txt HTTP/1.1" 200 7140 "-" "Mozilla/5.0 (Windows NT 10.0; Win64; x64) AppleWebKit/537.36 (KHTML, like Gecko) Chrome/114.0.0.0 Safari/537.36 Edg/114.0.1823.43"
114.119.136.109 - - [14/Feb/2026:12:08:23 +0000] "GET /all_posts/Reimplementing_diff_in_C%2B%2B:_A_Minimalist_Approach%2B37 HTTP/1.1" 200 7140 "https://julienlargetpiet.tech/all_posts/Reimplementing_diff_in_C%2B%2B:_A_Minimalist_Approach%2B36" "Mozilla/5.0 (Linux; Android 7.0;) AppleWebKit/537.36 (KHTML, like Gecko) Mobile Safari/537.36 (compatible; PetalBot;+https://webmaster.petalsearch.com/site/petalbot)"
15.235.27.7 - - [14/Feb/2026:12:09:02 +0000] "GET /all_posts/Learning_Haskell_with_Weird_Goals+11 HTTP/2.0" 200 7127 "-" "Mozilla/5.0 (compatible; AhrefsBot/7.0; +http://ahrefs.com/robot/)"
114.119.128.23 - - [14/Feb/2026:12:09:47 +0000] "GET /all_posts/Exploring_the_Power_of_Metaprogramming_in_Rust%2B3 HTTP/1.1" 200 7140 "https://julienlargetpiet.tech/all_posts/Exploring_the_Power_of_Metaprogramming_in_Rust%2B2" "Mozilla/5.0 (Linux; Android 7.0;) AppleWebKit/537.36 (KHTML, like Gecko) Mobile Safari/537.36 (compatible; PetalBot;+https://webmaster.petalsearch.com/site/petalbot)"
114.119.135.232 - - [14/Feb/2026:12:11:10 +0000] "GET /all_posts/Custom_Encoding_For_Integers%2B1 HTTP/1.1" 200 7140 "https://julienlargetpiet.tech/all_posts/Custom_Encoding_For_Integers%2B2" "Mozilla/5.0 (Linux; Android 7.0;) AppleWebKit/537.36 (KHTML, like Gecko) Mobile Safari/537.36 (compatible; PetalBot;+https://webmaster.petalsearch.com/site/petalbot)"
167.114.139.139 - - [14/Feb/2026:12:11:19 +0000] "GET /all_posts/A_New_Way_to_Explore_Your_System_on_Linux+31 HTTP/2.0" 200 7127 "-" "Mozilla/5.0 (compatible; AhrefsBot/7.0; +http://ahrefs.com/robot/)"
114.119.150.190 - - [14/Feb/2026:12:12:34 +0000] "GET /all_posts/Building_a_Tiny_Reverse_Polish_Notation_(RPN)_Calculator_in_Haskell%2B22 HTTP/1.1" 200 7140 "https://julienlargetpiet.tech/all_posts/Building_a_Tiny_Reverse_Polish_Notation_(RPN)_Calculator_in_Haskell%2B21" "Mozilla/5.0 (Linux; Android 7.0;) AppleWebKit/537.36 (KHTML, like Gecko) Mobile Safari/537.36 (compatible; PetalBot;+https://webmaster.petalsearch.com/site/petalbot)"
47.82.11.157 - - [14/Feb/2026:12:13:25 +0000] "GET /articles/90.html HTTP/1.1" 200 2783 "https://www.julienlargetpiet.tech/" "Mozilla/5.0 (Windows NT 10.0; Win64; x64) AppleWebKit/537.36 (KHTML, like Gecko) Chrome/135.0.0.0 Safari/537.36"
15.235.96.138 - - [14/Feb/2026:12:13:29 +0000] "GET /all_posts/Authentication_Without_Cookies+61 HTTP/2.0" 200 7127 "-" "Mozilla/5.0 (compatible; AhrefsBot/7.0; +http://ahrefs.com/robot/)"
114.119.135.232 - - [14/Feb/2026:12:13:57 +0000] "GET /all_posts/Building_InFoEnd:_An_End-to-End_Encrypted_Chatroom_in_Go%2B11 HTTP/1.1" 200 7140 "https://julienlargetpiet.tech/all_posts/Building_InFoEnd:_An_End-to-End_Encrypted_Chatroom_in_Go%2B12" "Mozilla/5.0 (Linux; Android 7.0;) AppleWebKit/537.36 (KHTML, like Gecko) Mobile Safari/537.36 (compatible; PetalBot;+https://webmaster.petalsearch.com/site/petalbot)"
114.119.148.160 - - [14/Feb/2026:12:15:21 +0000] "GET /all_posts/Exploring_the_Power_of_Metaprogramming_in_Rust%2B39 HTTP/1.1" 200 7140 "https://julienlargetpiet.tech/all_posts/Exploring_the_Power_of_Metaprogramming_in_Rust%2B40" "Mozilla/5.0 (Linux; Android 7.0;) AppleWebKit/537.36 (KHTML, like Gecko) Mobile Safari/537.36 (compatible; PetalBot;+https://webmaster.petalsearch.com/site/petalbot)"
142.44.228.226 - - [14/Feb/2026:12:15:44 +0000] "GET /all_posts/Optimizing_the_Exponential_Function_in_Cherubin+15 HTTP/2.0" 200 7127 "-" "Mozilla/5.0 (compatible; AhrefsBot/7.0; +http://ahrefs.com/robot/)"
114.119.134.146 - - [14/Feb/2026:12:16:43 +0000] "GET /all_posts/Building_a_New_Determinant_Engine_%E2%80%94_An_Iterative_Combinatorial_Approach%2B10 HTTP/1.1" 200 7140 "https://julienlargetpiet.tech/all_posts/Building_a_New_Determinant_Engine_%E2%80%94_An_Iterative_Combinatorial_Approach%2B9" "Mozilla/5.0 (Linux; Android 7.0;) AppleWebKit/537.36 (KHTML, like Gecko) Mobile Safari/537.36 (compatible; PetalBot;+https://webmaster.petalsearch.com/site/petalbot)"
45.125.12.183 - - [14/Feb/2026:12:17:28 +0000] "POST / HTTP/2.0" 405 559 "-" "Mozilla/5.0 (Windows NT 10.0; Win64; x64) AppleWebKit/537.36 (KHTML, like Gecko) Chrome/141.0.0.0 Safari/537.36"
45.125.12.183 - - [14/Feb/2026:12:17:29 +0000] "POST /index.php HTTP/2.0" 404 555 "-" "Mozilla/5.0 (Windows NT 10.0; Win64; x64) AppleWebKit/537.36 (KHTML, like Gecko) Chrome/141.0.0.0 Safari/537.36"
45.125.12.183 - - [14/Feb/2026:12:17:29 +0000] "POST /admin HTTP/2.0" 301 169 "-" "Mozilla/5.0 (Windows NT 10.0; Win64; x64) AppleWebKit/537.36 (KHTML, like Gecko) Chrome/141.0.0.0 Safari/537.36"
45.125.12.183 - - [14/Feb/2026:12:17:29 +0000] "GET /admin/ HTTP/2.0" 302 233 "https://visondf.dev:443/admin" "Mozilla/5.0 (Windows NT 10.0; Win64; x64) AppleWebKit/537.36 (KHTML, like Gecko) Chrome/141.0.0.0 Safari/537.36"
45.125.12.183 - - [14/Feb/2026:12:17:29 +0000] "POST /api HTTP/2.0" 404 555 "-" "Mozilla/5.0 (Windows NT 10.0; Win64; x64) AppleWebKit/537.36 (KHTML, like Gecko) Chrome/141.0.0.0 Safari/537.36"
142.44.233.129 - - [14/Feb/2026:12:17:57 +0000] "GET /all_posts/Custom_Encoding_For_Integers+294 HTTP/2.0" 200 7127 "-" "Mozilla/5.0 (compatible; AhrefsBot/7.0; +http://ahrefs.com/robot/)"
51.68.111.218 - - [14/Feb/2026:12:18:31 +0000] "GET /robots.txt HTTP/1.1" 200 7140 "-" "Mozilla/5.0 (compatible; MJ12bot/v2.0.4; http://mj12bot.com/)"
51.68.111.218 - - [14/Feb/2026:12:18:32 +0000] "GET / HTTP/1.1" 200 7140 "-" "Mozilla/5.0 (compatible; MJ12bot/v2.0.4; http://mj12bot.com/)"
54.39.89.238 - - [14/Feb/2026:12:20:06 +0000] "GET /all_posts/Automatic_Documentation_for_Any_Codebase+31 HTTP/2.0" 200 7127 "-" "Mozilla/5.0 (compatible; AhrefsBot/7.0; +http://ahrefs.com/robot/)"
54.39.203.124 - - [14/Feb/2026:12:22:32 +0000] "GET /all_posts/A_New_Way_to_Explore_Your_System_on_Linux+54 HTTP/2.0" 200 7127 "-" "Mozilla/5.0 (compatible; AhrefsBot/7.0; +http://ahrefs.com/robot/)"
47.82.11.114 - - [14/Feb/2026:12:23:31 +0000] "GET /articles/104.html HTTP/1.1" 200 3610 "https://www.julienlargetpiet.tech/" "Mozilla/5.0 (Macintosh; Intel Mac OS X 10_15_7) AppleWebKit/605.1.15 (KHTML, like Gecko) Version/17.6 Safari/605.1.15"
54.39.210.192 - - [14/Feb/2026:12:24:59 +0000] "GET /all_posts/How_Do_They_Display_Trees_%E2%80%94_Three_Layout_Algorithms_in_Haskell+55 HTTP/2.0" 200 7127 "-" "Mozilla/5.0 (compatible; AhrefsBot/7.0; +http://ahrefs.com/robot/)"
51.222.95.25 - - [14/Feb/2026:12:27:04 +0000] "GET /all_posts/Finding_the_Optimal_Path_in_Haskell:_A_Recursive_Exploration+25 HTTP/2.0" 200 7127 "-" "Mozilla/5.0 (compatible; AhrefsBot/7.0; +http://ahrefs.com/robot/)"
51.222.95.189 - - [14/Feb/2026:12:29:07 +0000] "GET /all_posts/Exploring_Reachability_in_Directed_Graphs_with_Haskell+50 HTTP/2.0" 200 7127 "-" "Mozilla/5.0 (compatible; AhrefsBot/7.0; +http://ahrefs.com/robot/)"
47.86.163.246 - - [14/Feb/2026:12:30:04 +0000] "POST / HTTP/2.0" 405 559 "-" "Mozilla/5.0 (Windows NT 10.0; Win64; x64) AppleWebKit/537.36 (KHTML, like Gecko) Chrome/141.0.0.0 Safari/537.36"
47.86.163.246 - - [14/Feb/2026:12:30:05 +0000] "POST /index.php HTTP/2.0" 404 555 "-" "Mozilla/5.0 (Windows NT 10.0; Win64; x64) AppleWebKit/537.36 (KHTML, like Gecko) Chrome/141.0.0.0 Safari/537.36"
47.86.163.246 - - [14/Feb/2026:12:30:05 +0000] "POST /admin HTTP/2.0" 301 169 "-" "Mozilla/5.0 (Windows NT 10.0; Win64; x64) AppleWebKit/537.36 (KHTML, like Gecko) Chrome/141.0.0.0 Safari/537.36"
47.86.163.246 - - [14/Feb/2026:12:30:05 +0000] "GET /admin/ HTTP/2.0" 302 233 "https://visondf.dev:443/admin" "Mozilla/5.0 (Windows NT 10.0; Win64; x64) AppleWebKit/537.36 (KHTML, like Gecko) Chrome/141.0.0.0 Safari/537.36"
47.86.163.246 - - [14/Feb/2026:12:30:05 +0000] "POST /api HTTP/2.0" 404 555 "-" "Mozilla/5.0 (Windows NT 10.0; Win64; x64) AppleWebKit/537.36 (KHTML, like Gecko) Chrome/141.0.0.0 Safari/537.36"
148.113.130.218 - - [14/Feb/2026:12:31:23 +0000] "GET /all_posts/%F0%9F%A7%A0_From_Source_to_Shiny:_Running_Modern_R_on_Debian_with_NGINX_and_HTTPS+42 HTTP/2.0" 200 7127 "-" "Mozilla/5.0 (compatible; AhrefsBot/7.0; +http://ahrefs.com/robot/)"
114.119.155.205 - - [14/Feb/2026:12:33:03 +0000] "GET /all_posts/Understanding_the_Haskell_Type_System:_From_Typeclasses_to_Data_Structures%2B34 HTTP/1.1" 200 7140 "https://julienlargetpiet.tech/all_posts/Understanding_the_Haskell_Type_System:_From_Typeclasses_to_Data_Structures%2B33" "Mozilla/5.0 (Linux; Android 7.0;) AppleWebKit/537.36 (KHTML, like Gecko) Mobile Safari/537.36 (compatible; PetalBot;+https://webmaster.petalsearch.com/site/petalbot)"
54.39.89.205 - - [14/Feb/2026:12:33:41 +0000] "GET /all_posts/Turning_Blog_HTML_into_RSS,_the_Low-Level_Way_(in_C++)+102 HTTP/2.0" 200 7127 "-" "Mozilla/5.0 (compatible; AhrefsBot/7.0; +http://ahrefs.com/robot/)"
114.119.134.146 - - [14/Feb/2026:12:34:26 +0000] "GET /all_posts/Simple_Compression_Algorithm%2B32 HTTP/1.1" 200 7140 "https://julienlargetpiet.tech/all_posts/Simple_Compression_Algorithm%2B33" "Mozilla/5.0 (Linux; Android 7.0;) AppleWebKit/537.36 (KHTML, like Gecko) Mobile Safari/537.36 (compatible; PetalBot;+https://webmaster.petalsearch.com/site/petalbot)"
47.82.11.110 - - [14/Feb/2026:12:34:34 +0000] "GET /articles/76.html HTTP/1.1" 200 3101 "https://www.julienlargetpiet.tech/" "Mozilla/5.0 (Macintosh; Intel Mac OS X 10_15_7) AppleWebKit/605.1.15 (KHTML, like Gecko) Version/17.1.2 Safari/605.1.15"
51.161.65.229 - - [14/Feb/2026:12:35:47 +0000] "GET /all_posts/Automatic_Documentation_for_Any_Codebase+32 HTTP/2.0" 200 7127 "-" "Mozilla/5.0 (compatible; AhrefsBot/7.0; +http://ahrefs.com/robot/)"
114.119.155.205 - - [14/Feb/2026:12:35:52 +0000] "GET /all_posts/Reimplementing_diff_in_C%2B%2B:_A_Minimalist_Approach%2B41 HTTP/1.1" 200 7140 "https://julienlargetpiet.tech/all_posts/Reimplementing_diff_in_C%2B%2B:_A_Minimalist_Approach%2B40" "Mozilla/5.0 (Linux; Android 7.0;) AppleWebKit/537.36 (KHTML, like Gecko) Mobile Safari/537.36 (compatible; PetalBot;+https://webmaster.petalsearch.com/site/petalbot)"
114.119.135.232 - - [14/Feb/2026:12:37:20 +0000] "GET /all_posts/Reimplementing_K-Nearest_Neighbors_(KNN)_from_Scratch_in_R%2B6 HTTP/1.1" 200 7140 "https://julienlargetpiet.tech/all_posts/Reimplementing_K-Nearest_Neighbors_(KNN)_from_Scratch_in_R%2B7" "Mozilla/5.0 (Linux; Android 7.0;) AppleWebKit/537.36 (KHTML, like Gecko) Mobile Safari/537.36 (compatible; PetalBot;+https://webmaster.petalsearch.com/site/petalbot)"
54.39.203.181 - - [14/Feb/2026:12:38:03 +0000] "GET /all_posts/Emulating_Binary-Level_Operations_and_Number_Representations+14 HTTP/2.0" 200 7127 "-" "Mozilla/5.0 (compatible; AhrefsBot/7.0; +http://ahrefs.com/robot/)"
114.119.138.235 - - [14/Feb/2026:12:38:37 +0000] "GET /all_posts/Reimplementing_K-Nearest_Neighbors_(KNN)_from_Scratch_in_R%2B31 HTTP/1.1" 200 7140 "https://julienlargetpiet.tech/all_posts/Reimplementing_K-Nearest_Neighbors_(KNN)_from_Scratch_in_R%2B32" "Mozilla/5.0 (Linux; Android 7.0;) AppleWebKit/537.36 (KHTML, like Gecko) Mobile Safari/537.36 (compatible; PetalBot;+https://webmaster.petalsearch.com/site/petalbot)"
114.119.150.190 - - [14/Feb/2026:12:40:01 +0000] "GET /all_posts/Optimizing_the_Exponential_Function_in_Cherubin%2B29 HTTP/1.1" 200 7140 "https://julienlargetpiet.tech/all_posts/Optimizing_the_Exponential_Function_in_Cherubin%2B30" "Mozilla/5.0 (Linux; Android 7.0;) AppleWebKit/537.36 (KHTML, like Gecko) Mobile Safari/537.36 (compatible; PetalBot;+https://webmaster.petalsearch.com/site/petalbot)"
142.44.225.231 - - [14/Feb/2026:12:40:12 +0000] "GET /all_posts/Emulating_Binary-Level_Operations_and_Number_Representations+55 HTTP/2.0" 200 7127 "-" "Mozilla/5.0 (compatible; AhrefsBot/7.0; +http://ahrefs.com/robot/)"
114.119.128.23 - - [14/Feb/2026:12:41:26 +0000] "GET /all_posts/Implementing_Huffman_Encoding_in_Haskell%2B25 HTTP/1.1" 200 7140 "https://julienlargetpiet.tech/all_posts/Implementing_Huffman_Encoding_in_Haskell%2B24" "Mozilla/5.0 (Linux; Android 7.0;) AppleWebKit/537.36 (KHTML, like Gecko) Mobile Safari/537.36 (compatible; PetalBot;+https://webmaster.petalsearch.com/site/petalbot)"
15.235.98.10 - - [14/Feb/2026:12:42:30 +0000] "GET /all_posts/Symetric_Encryption_Protocol+123 HTTP/2.0" 200 7127 "-" "Mozilla/5.0 (compatible; AhrefsBot/7.0; +http://ahrefs.com/robot/)"
114.119.150.190 - - [14/Feb/2026:12:42:48 +0000] "GET /all_posts/Implement_Core_Operations%2B34 HTTP/1.1" 200 7140 "https://julienlargetpiet.tech/all_posts/Implement_Core_Operations%2B34" "Mozilla/5.0 (Linux; Android 7.0;) AppleWebKit/537.36 (KHTML, like Gecko) Mobile Safari/537.36 (compatible; PetalBot;+https://webmaster.petalsearch.com/site/petalbot)"
114.119.155.205 - - [14/Feb/2026:12:44:11 +0000] "GET /all_posts/Graph_Isomorphism_in_Haskell_(Problem_85)%2B1 HTTP/1.1" 200 7140 "https://julienlargetpiet.tech/all_posts/Graph_Isomorphism_in_Haskell_(Problem_85)%2B2" "Mozilla/5.0 (Linux; Android 7.0;) AppleWebKit/537.36 (KHTML, like Gecko) Mobile Safari/537.36 (compatible; PetalBot;+https://webmaster.petalsearch.com/site/petalbot)"
54.39.0.237 - - [14/Feb/2026:12:44:49 +0000] "GET /all_posts/Authentication_Without_Cookies+63 HTTP/2.0" 200 7127 "-" "Mozilla/5.0 (compatible; AhrefsBot/7.0; +http://ahrefs.com/robot/)"
114.119.148.160 - - [14/Feb/2026:12:45:38 +0000] "GET /all_posts/Implementing_DataFrames_in_C%2B%2B:_A_Custom_Approach_for_High-Performance_Data_Manipulation%2B1 HTTP/1.1" 200 7140 "https://julienlargetpiet.tech/post_search/1" "Mozilla/5.0 (Linux; Android 7.0;) AppleWebKit/537.36 (KHTML, like Gecko) Mobile Safari/537.36 (compatible; PetalBot;+https://webmaster.petalsearch.com/site/petalbot)"
114.119.138.235 - - [14/Feb/2026:12:46:59 +0000] "GET /all_posts/Implement_Core_Operations%2B26 HTTP/1.1" 200 7140 "https://julienlargetpiet.tech/all_posts/Implement_Core_Operations%2B25" "Mozilla/5.0 (Linux; Android 7.0;) AppleWebKit/537.36 (KHTML, like Gecko) Mobile Safari/537.36 (compatible; PetalBot;+https://webmaster.petalsearch.com/site/petalbot)"
51.222.95.152 - - [14/Feb/2026:12:47:15 +0000] "GET /all_posts/Learning_Haskell_with_Weird_Goals+42 HTTP/2.0" 200 7127 "-" "Mozilla/5.0 (compatible; AhrefsBot/7.0; +http://ahrefs.com/robot/)"
114.119.138.235 - - [14/Feb/2026:12:48:23 +0000] "GET /all_posts/Fixing_bslib_Tabs_That_Reset_Inputs_in_Shiny%2B38 HTTP/1.1" 200 7140 "https://julienlargetpiet.tech/all_posts/Fixing_bslib_Tabs_That_Reset_Inputs_in_Shiny%2B39" "Mozilla/5.0 (Linux; Android 7.0;) AppleWebKit/537.36 (KHTML, like Gecko) Mobile Safari/537.36 (compatible; PetalBot;+https://webmaster.petalsearch.com/site/petalbot)"
142.44.225.27 - - [14/Feb/2026:12:49:23 +0000] "GET /all_posts/Unsolved_problem_!!!+61 HTTP/2.0" 200 7127 "-" "Mozilla/5.0 (compatible; AhrefsBot/7.0; +http://ahrefs.com/robot/)"
114.119.135.232 - - [14/Feb/2026:12:49:51 +0000] "GET /all_posts/Emulating_Binary-Level_Operations_and_Number_Representations%2B30 HTTP/1.1" 200 7140 "https://julienlargetpiet.tech/all_posts/Emulating_Binary-Level_Operations_and_Number_Representations%2B29" "Mozilla/5.0 (Linux; Android 7.0;) AppleWebKit/537.36 (KHTML, like Gecko) Mobile Safari/537.36 (compatible; PetalBot;+https://webmaster.petalsearch.com/site/petalbot)"
47.128.122.112 - - [14/Feb/2026:12:49:55 +0000] "GET /robots.txt HTTP/2.0" 200 7127 "-" "Go-http-client/2.0"
47.128.96.17 - - [14/Feb/2026:12:50:19 +0000] "GET /all_posts/How_Haskell_(and_the_Functional_Mindset)_Rewired_the_Way_I_Think_About_Code+713 HTTP/2.0" 200 7127 "-" "Mozilla/5.0 (Linux; Android 5.0) AppleWebKit/537.36 (KHTML, like Gecko) Mobile Safari/537.36 (compatible; TikTokSpider; ttspider-feedback@tiktok.com)"
47.128.96.17 - - [14/Feb/2026:12:50:20 +0000] "GET /assets/css/style.css HTTP/2.0" 200 5112 "https://julienlargetpiet.tech/all_posts/How_Haskell_(and_the_Functional_Mindset)_Rewired_the_Way_I_Think_About_Code+713" "Mozilla/5.0 (Linux; Android 5.0) AppleWebKit/537.36 (KHTML, like Gecko) Mobile Safari/537.36 (compatible; TikTokSpider; ttspider-feedback@tiktok.com)"
47.128.96.17 - - [14/Feb/2026:12:50:20 +0000] "GET /assets/katex/katex.min.css HTTP/2.0" 200 4000 "https://julienlargetpiet.tech/all_posts/How_Haskell_(and_the_Functional_Mindset)_Rewired_the_Way_I_Think_About_Code+713" "Mozilla/5.0 (Linux; Android 5.0) AppleWebKit/537.36 (KHTML, like Gecko) Mobile Safari/537.36 (compatible; TikTokSpider; ttspider-feedback@tiktok.com)"
114.119.150.190 - - [14/Feb/2026:12:51:11 +0000] "GET /all_posts/How_Do_They_Display_Trees_%E2%80%94_Three_Layout_Algorithms_in_Haskell%2B21 HTTP/1.1" 200 7140 "https://julienlargetpiet.tech/all_posts/How_Do_They_Display_Trees_%E2%80%94_Three_Layout_Algorithms_in_Haskell%2B22" "Mozilla/5.0 (Linux; Android 7.0;) AppleWebKit/537.36 (KHTML, like Gecko) Mobile Safari/537.36 (compatible; PetalBot;+https://webmaster.petalsearch.com/site/petalbot)"
114.119.155.205 - - [14/Feb/2026:12:52:33 +0000] "GET /all_posts/Emulating_Binary-Level_Operations_and_Number_Representations%2B10 HTTP/1.1" 200 7140 "https://julienlargetpiet.tech/all_posts/Emulating_Binary-Level_Operations_and_Number_Representations%2B9" "Mozilla/5.0 (Linux; Android 7.0;) AppleWebKit/537.36 (KHTML, like Gecko) Mobile Safari/537.36 (compatible; PetalBot;+https://webmaster.petalsearch.com/site/petalbot)"
142.44.220.229 - - [14/Feb/2026:12:53:57 +0000] "GET /all_posts/Editing_My_YouTube_Videos_the_Weird_Way:_With_Nothing_but_ffmpeg+13 HTTP/2.0" 200 7127 "-" "Mozilla/5.0 (compatible; AhrefsBot/7.0; +http://ahrefs.com/robot/)"
114.119.136.109 - - [14/Feb/2026:12:53:58 +0000] "GET /comment_page_post/Graph_Isomorphism_in_Haskell_(Problem_85)%2B0%2BN HTTP/1.1" 200 7140 "https://julienlargetpiet.tech/all_posts/Graph_Isomorphism_in_Haskell_(Problem_85)%2B30" "Mozilla/5.0 (Linux; Android 7.0;) AppleWebKit/537.36 (KHTML, like Gecko) Mobile Safari/537.36 (compatible; PetalBot;+https://webmaster.petalsearch.com/site/petalbot)"
114.119.136.109 - - [14/Feb/2026:12:55:21 +0000] "GET /all_posts/Editing_My_YouTube_Videos_the_Weird_Way:_With_Nothing_but_ffmpeg%2B16 HTTP/1.1" 200 7140 "https://julienlargetpiet.tech/all_posts/Editing_My_YouTube_Videos_the_Weird_Way:_With_Nothing_but_ffmpeg%2B17" "Mozilla/5.0 (Linux; Android 7.0;) AppleWebKit/537.36 (KHTML, like Gecko) Mobile Safari/537.36 (compatible; PetalBot;+https://webmaster.petalsearch.com/site/petalbot)"
114.119.136.109 - - [14/Feb/2026:12:56:50 +0000] "GET /all_posts/Cheating_a_Bit:_Approximating_atan,_arccos,_and_arcsin_in_the_Cherubin_Library%2B41 HTTP/1.1" 200 7140 "https://julienlargetpiet.tech/all_posts/Cheating_a_Bit:_Approximating_atan,_arccos,_and_arcsin_in_the_Cherubin_Library%2B42" "Mozilla/5.0 (Linux; Android 7.0;) AppleWebKit/537.36 (KHTML, like Gecko) Mobile Safari/537.36 (compatible; PetalBot;+https://webmaster.petalsearch.com/site/petalbot)"
2a06:98c0:3600::103 - - [14/Feb/2026:12:57:07 +0000] "GET /wp-admin/setup-config.php HTTP/2.0" 404 153 "-" "https://visondf.dev/wp-admin/setup-config.php"
2a02:c207:2282:2578::1 - - [14/Feb/2026:12:57:12 +0000] "POST / HTTP/2.0" 405 559 "-" "Mozilla/5.0 (Windows NT 10.0; Win64; x64) AppleWebKit/537.36 (KHTML, like Gecko) Chrome/141.0.0.0 Safari/537.36"
2a02:c207:2282:2578::1 - - [14/Feb/2026:12:57:12 +0000] "POST /index.php HTTP/2.0" 404 555 "-" "Mozilla/5.0 (Windows NT 10.0; Win64; x64) AppleWebKit/537.36 (KHTML, like Gecko) Chrome/141.0.0.0 Safari/537.36"
2a02:c207:2282:2578::1 - - [14/Feb/2026:12:57:12 +0000] "POST /admin HTTP/2.0" 301 169 "-" "Mozilla/5.0 (Windows NT 10.0; Win64; x64) AppleWebKit/537.36 (KHTML, like Gecko) Chrome/141.0.0.0 Safari/537.36"
2a02:c207:2282:2578::1 - - [14/Feb/2026:12:57:13 +0000] "GET /admin/ HTTP/2.0" 302 233 "https://visondf.dev:443/admin" "Mozilla/5.0 (Windows NT 10.0; Win64; x64) AppleWebKit/537.36 (KHTML, like Gecko) Chrome/141.0.0.0 Safari/537.36"
2a02:c207:2282:2578::1 - - [14/Feb/2026:12:57:13 +0000] "GET /login?next=%2Fadmin%2F HTTP/2.0" 200 1578 "https://visondf.dev/admin/" "Mozilla/5.0 (Windows NT 10.0; Win64; x64) AppleWebKit/537.36 (KHTML, like Gecko) Chrome/141.0.0.0 Safari/537.36"
2a02:c207:2282:2578::1 - - [14/Feb/2026:12:57:13 +0000] "POST /api HTTP/2.0" 404 555 "-" "Mozilla/5.0 (Windows NT 10.0; Win64; x64) AppleWebKit/537.36 (KHTML, like Gecko) Chrome/141.0.0.0 Safari/537.36"
114.119.138.235 - - [14/Feb/2026:12:58:12 +0000] "GET /all_posts/How_Haskell_(and_the_Functional_Mindset)_Rewired_the_Way_I_Think_About_Code%2B13 HTTP/1.1" 200 7140 "https://julienlargetpiet.tech/all_posts/How_Haskell_(and_the_Functional_Mindset)_Rewired_the_Way_I_Think_About_Code%2B14" "Mozilla/5.0 (Linux; Android 7.0;) AppleWebKit/537.36 (KHTML, like Gecko) Mobile Safari/537.36 (compatible; PetalBot;+https://webmaster.petalsearch.com/site/petalbot)"
142.44.228.143 - - [14/Feb/2026:12:58:22 +0000] "GET /all_posts/A_ReGex_Dialect+76 HTTP/2.0" 200 7127 "-" "Mozilla/5.0 (compatible; AhrefsBot/7.0; +http://ahrefs.com/robot/)"
114.119.155.205 - - [14/Feb/2026:12:59:34 +0000] "GET /all_posts/Building_a_Tiny_Reverse_Polish_Notation_(RPN)_Calculator_in_Haskell%2B10 HTTP/1.1" 200 7140 "https://julienlargetpiet.tech/all_posts/Building_a_Tiny_Reverse_Polish_Notation_(RPN)_Calculator_in_Haskell%2B9" "Mozilla/5.0 (Linux; Android 7.0;) AppleWebKit/537.36 (KHTML, like Gecko) Mobile Safari/537.36 (compatible; PetalBot;+https://webmaster.petalsearch.com/site/petalbot)"
204.76.203.206 - - [14/Feb/2026:13:00:06 +0000] "GET / HTTP/1.1" 301 169 "-" "Wget"
114.119.134.146 - - [14/Feb/2026:13:00:54 +0000] "GET /all_posts/Building_My_Own_Parser_in_R_-_A_Custom_Syntax_Experiment%2B5 HTTP/1.1" 200 7140 "https://julienlargetpiet.tech/all_posts/Building_My_Own_Parser_in_R_-_A_Custom_Syntax_Experiment%2B6" "Mozilla/5.0 (Linux; Android 7.0;) AppleWebKit/537.36 (KHTML, like Gecko) Mobile Safari/537.36 (compatible; PetalBot;+https://webmaster.petalsearch.com/site/petalbot)"
114.119.136.109 - - [14/Feb/2026:13:02:22 +0000] "GET /all_posts/Automating_YouTube_Video_Imports_into_My_Website_with_One_Magic_Bash_Line%2B41 HTTP/1.1" 200 7140 "https://julienlargetpiet.tech/all_posts/Automating_YouTube_Video_Imports_into_My_Website_with_One_Magic_Bash_Line%2B40" "Mozilla/5.0 (Linux; Android 7.0;) AppleWebKit/537.36 (KHTML, like Gecko) Mobile Safari/537.36 (compatible; PetalBot;+https://webmaster.petalsearch.com/site/petalbot)"
54.39.203.93 - - [14/Feb/2026:13:02:50 +0000] "GET /all_posts/Custom_Encoding_For_Integers+167 HTTP/2.0" 200 7127 "-" "Mozilla/5.0 (compatible; AhrefsBot/7.0; +http://ahrefs.com/robot/)"
114.119.150.190 - - [14/Feb/2026:13:03:45 +0000] "GET /all_posts/Authentication_Without_Cookies%2B27 HTTP/1.1" 200 7140 "https://julienlargetpiet.tech/all_posts/Authentication_Without_Cookies%2B26" "Mozilla/5.0 (Linux; Android 7.0;) AppleWebKit/537.36 (KHTML, like Gecko) Mobile Safari/537.36 (compatible; PetalBot;+https://webmaster.petalsearch.com/site/petalbot)"
114.119.128.23 - - [14/Feb/2026:13:05:05 +0000] "GET /all_posts/Authentication_Without_Cookies%2B18 HTTP/1.1" 200 7140 "https://julienlargetpiet.tech/all_posts/Authentication_Without_Cookies%2B17" "Mozilla/5.0 (Linux; Android 7.0;) AppleWebKit/537.36 (KHTML, like Gecko) Mobile Safari/537.36 (compatible; PetalBot;+https://webmaster.petalsearch.com/site/petalbot)"
114.119.148.160 - - [14/Feb/2026:13:06:28 +0000] "GET /all_posts/A_Structured,_Visual_Algorithm_for_Determinants_up_to_5%C3%975%2B16 HTTP/1.1" 200 7140 "https://julienlargetpiet.tech/all_posts/A_Structured,_Visual_Algorithm_for_Determinants_up_to_5%C3%975%2B15" "Mozilla/5.0 (Linux; Android 7.0;) AppleWebKit/537.36 (KHTML, like Gecko) Mobile Safari/537.36 (compatible; PetalBot;+https://webmaster.petalsearch.com/site/petalbot)"
51.161.37.3 - - [14/Feb/2026:13:07:16 +0000] "GET /all_posts/Editing_My_YouTube_Videos_the_Weird_Way:_With_Nothing_but_ffmpeg+6 HTTP/2.0" 200 7127 "-" "Mozilla/5.0 (compatible; AhrefsBot/7.0; +http://ahrefs.com/robot/)"
114.119.135.232 - - [14/Feb/2026:13:07:53 +0000] "GET /all_posts/%F0%9F%93%8A_Building_a_Flexible_Access_Log_Analyzer_in_R%2B3 HTTP/1.1" 200 7140 "https://julienlargetpiet.tech/all_posts/%F0%9F%93%8A_Building_a_Flexible_Access_Log_Analyzer_in_R%2B4" "Mozilla/5.0 (Linux; Android 7.0;) AppleWebKit/537.36 (KHTML, like Gecko) Mobile Safari/537.36 (compatible; PetalBot;+https://webmaster.petalsearch.com/site/petalbot)"
114.119.128.23 - - [14/Feb/2026:13:09:15 +0000] "GET /all_posts/How_Haskell_(and_the_Functional_Mindset)_Rewired_the_Way_I_Think_About_Code%2B21 HTTP/1.1" 200 7140 "https://julienlargetpiet.tech/all_posts/How_Haskell_(and_the_Functional_Mindset)_Rewired_the_Way_I_Think_About_Code%2B22" "Mozilla/5.0 (Linux; Android 7.0;) AppleWebKit/537.36 (KHTML, like Gecko) Mobile Safari/537.36 (compatible; PetalBot;+https://webmaster.petalsearch.com/site/petalbot)"
114.119.150.190 - - [14/Feb/2026:13:10:39 +0000] "GET /all_posts/%F0%9F%93%8A_Building_a_Flexible_Access_Log_Analyzer_in_R%2B15 HTTP/1.1" 200 7140 "https://julienlargetpiet.tech/all_posts/%F0%9F%93%8A_Building_a_Flexible_Access_Log_Analyzer_in_R%2B16" "Mozilla/5.0 (Linux; Android 7.0;) AppleWebKit/537.36 (KHTML, like Gecko) Mobile Safari/537.36 (compatible; PetalBot;+https://webmaster.petalsearch.com/site/petalbot)"
15.235.27.156 - - [14/Feb/2026:13:11:45 +0000] "GET /all_posts/Building_an_HTTP_Server_in_Rust_Without_a_Framework+49 HTTP/2.0" 200 7127 "-" "Mozilla/5.0 (compatible; AhrefsBot/7.0; +http://ahrefs.com/robot/)"
142.44.220.153 - - [14/Feb/2026:13:16:00 +0000] "GET /all_posts/Unsolved_problem_!!!+9 HTTP/2.0" 200 7127 "-" "Mozilla/5.0 (compatible; AhrefsBot/7.0; +http://ahrefs.com/robot/)"
148.113.128.216 - - [14/Feb/2026:13:20:17 +0000] "GET /all_posts/%F0%9F%90%B4_The_Knight%E2%80%99s_Tour_in_Haskell_%E2%80%94_From_Brute_Force_to_Warnsdorff%E2%80%99s_Heuristic+53 HTTP/2.0" 200 7127 "-" "Mozilla/5.0 (compatible; AhrefsBot/7.0; +http://ahrefs.com/robot/)"
142.44.233.136 - - [14/Feb/2026:13:26:23 +0000] "GET / HTTP/2.0" 200 7127 "-" "Mozilla/5.0 (compatible; AhrefsBot/7.0; +http://ahrefs.com/robot/)"
138.246.253.24 - - [14/Feb/2026:13:26:28 +0000] "GET /robots.txt HTTP/2.0" 304 0 "-" "Mozilla/5.0 (Windows NT 10.0; Win64; x64) AppleWebKit/537.36 (KHTML, like Gecko) Chrome/103.0.5060.134 Safari/537.36"
114.119.128.23 - - [14/Feb/2026:13:27:50 +0000] "GET /comment_page_post/Unsolved_problem_!!!%2B0%2BN HTTP/1.1" 200 7140 "https://julienlargetpiet.tech/all_posts/Unsolved_problem_!!!%2B4" "Mozilla/5.0 (Linux; Android 7.0;) AppleWebKit/537.36 (KHTML, like Gecko) Mobile Safari/537.36 (compatible; PetalBot;+https://webmaster.petalsearch.com/site/petalbot)"
114.119.134.146 - - [14/Feb/2026:13:29:10 +0000] "GET /all_posts/Unsolved_problem_!!!%2B35 HTTP/1.1" 200 7140 "https://julienlargetpiet.tech/all_posts/Unsolved_problem_!!!%2B36" "Mozilla/5.0 (Linux; Android 7.0;) AppleWebKit/537.36 (KHTML, like Gecko) Mobile Safari/537.36 (compatible; PetalBot;+https://webmaster.petalsearch.com/site/petalbot)"
114.119.138.235 - - [14/Feb/2026:13:30:34 +0000] "GET /all_posts/The_Goldbach_Conjecture_and_Its_Recursive_Implementation_in_Haskell%2B12 HTTP/1.1" 200 7140 "https://julienlargetpiet.tech/all_posts/The_Goldbach_Conjecture_and_Its_Recursive_Implementation_in_Haskell%2B13" "Mozilla/5.0 (Linux; Android 7.0;) AppleWebKit/537.36 (KHTML, like Gecko) Mobile Safari/537.36 (compatible; PetalBot;+https://webmaster.petalsearch.com/site/petalbot)"
114.119.136.109 - - [14/Feb/2026:13:31:57 +0000] "GET /all_posts/Reimplementing_diff_in_C%2B%2B:_A_Minimalist_Approach%2B20 HTTP/1.1" 200 7140 "https://julienlargetpiet.tech/all_posts/Reimplementing_diff_in_C%2B%2B:_A_Minimalist_Approach%2B19" "Mozilla/5.0 (Linux; Android 7.0;) AppleWebKit/537.36 (KHTML, like Gecko) Mobile Safari/537.36 (compatible; PetalBot;+https://webmaster.petalsearch.com/site/petalbot)"
15.235.96.18 - - [14/Feb/2026:13:32:24 +0000] "GET /all_posts/Authentication_Without_Cookies+62 HTTP/2.0" 200 7127 "-" "Mozilla/5.0 (compatible; AhrefsBot/7.0; +http://ahrefs.com/robot/)"
114.119.138.235 - - [14/Feb/2026:13:33:25 +0000] "GET /all_posts/Learning_Haskell_with_Weird_Goals%2B12 HTTP/1.1" 200 7140 "https://julienlargetpiet.tech/all_posts/Learning_Haskell_with_Weird_Goals%2B13" "Mozilla/5.0 (Linux; Android 7.0;) AppleWebKit/537.36 (KHTML, like Gecko) Mobile Safari/537.36 (compatible; PetalBot;+https://webmaster.petalsearch.com/site/petalbot)"
114.119.155.205 - - [14/Feb/2026:13:34:44 +0000] "GET /all_posts/Implement_Core_Operations%2B32 HTTP/1.1" 200 7140 "https://julienlargetpiet.tech/all_posts/Implement_Core_Operations%2B31" "Mozilla/5.0 (Linux; Android 7.0;) AppleWebKit/537.36 (KHTML, like Gecko) Mobile Safari/537.36 (compatible; PetalBot;+https://webmaster.petalsearch.com/site/petalbot)"
114.119.155.205 - - [14/Feb/2026:13:36:12 +0000] "GET /all_posts/Finding_the_Optimal_Path_in_Haskell:_A_Recursive_Exploration%2B2 HTTP/1.1" 200 7140 "https://julienlargetpiet.tech/all_posts/Finding_the_Optimal_Path_in_Haskell:_A_Recursive_Exploration%2B3" "Mozilla/5.0 (Linux; Android 7.0;) AppleWebKit/537.36 (KHTML, like Gecko) Mobile Safari/537.36 (compatible; PetalBot;+https://webmaster.petalsearch.com/site/petalbot)"
54.39.89.242 - - [14/Feb/2026:13:37:22 +0000] "GET /all_posts/Custom_Encoding_For_Integers+168 HTTP/2.0" 200 7127 "-" "Mozilla/5.0 (compatible; AhrefsBot/7.0; +http://ahrefs.com/robot/)"
114.119.155.205 - - [14/Feb/2026:13:37:31 +0000] "GET /all_posts/Exploring_Reachability_in_Directed_Graphs_with_Haskell%2B29 HTTP/1.1" 200 7140 "https://julienlargetpiet.tech/all_posts/Exploring_Reachability_in_Directed_Graphs_with_Haskell%2B30" "Mozilla/5.0 (Linux; Android 7.0;) AppleWebKit/537.36 (KHTML, like Gecko) Mobile Safari/537.36 (compatible; PetalBot;+https://webmaster.petalsearch.com/site/petalbot)"
114.119.136.109 - - [14/Feb/2026:13:38:57 +0000] "GET /all_posts/Checking_Graph_Bipartiteness_in_Haskell%2B34 HTTP/1.1" 200 7140 "https://julienlargetpiet.tech/all_posts/Checking_Graph_Bipartiteness_in_Haskell%2B35" "Mozilla/5.0 (Linux; Android 7.0;) AppleWebKit/537.36 (KHTML, like Gecko) Mobile Safari/537.36 (compatible; PetalBot;+https://webmaster.petalsearch.com/site/petalbot)"
114.119.148.160 - - [14/Feb/2026:13:40:19 +0000] "GET /all_posts/Checking_Graph_Bipartiteness_in_Haskell%2B14 HTTP/1.1" 200 7140 "https://julienlargetpiet.tech/all_posts/Checking_Graph_Bipartiteness_in_Haskell%2B13" "Mozilla/5.0 (Linux; Android 7.0;) AppleWebKit/537.36 (KHTML, like Gecko) Mobile Safari/537.36 (compatible; PetalBot;+https://webmaster.petalsearch.com/site/petalbot)"
103.75.13.242 - - [14/Feb/2026:13:41:36 +0000] "POST / HTTP/2.0" 405 559 "-" "Mozilla/5.0 (Windows NT 10.0; Win64; x64) AppleWebKit/537.36 (KHTML, like Gecko) Chrome/141.0.0.0 Safari/537.36"
103.75.13.242 - - [14/Feb/2026:13:41:37 +0000] "POST /index.php HTTP/2.0" 404 555 "-" "Mozilla/5.0 (Windows NT 10.0; Win64; x64) AppleWebKit/537.36 (KHTML, like Gecko) Chrome/141.0.0.0 Safari/537.36"
103.75.13.242 - - [14/Feb/2026:13:41:37 +0000] "POST /admin HTTP/2.0" 301 169 "-" "Mozilla/5.0 (Windows NT 10.0; Win64; x64) AppleWebKit/537.36 (KHTML, like Gecko) Chrome/141.0.0.0 Safari/537.36"
103.75.13.242 - - [14/Feb/2026:13:41:37 +0000] "GET /admin/ HTTP/2.0" 302 233 "https://visondf.dev:443/admin" "Mozilla/5.0 (Windows NT 10.0; Win64; x64) AppleWebKit/537.36 (KHTML, like Gecko) Chrome/141.0.0.0 Safari/537.36"
